******************************************************************************
                  TI ARM Linker PC v5.1.9                      
******************************************************************************
>> Linked Wed Jan 14 10:49:12 2015

OUTPUT FILE NAME:   <senshub_iot.out>
ENTRY POINT SYMBOL: "_c_int00"  address: 0000f011


MEMORY CONFIGURATION

         name            origin    length      used     unused   attr    fill
----------------------  --------  ---------  --------  --------  ----  --------
  FLASH                 00000000   00100000  0001231c  000edce4  R  X
  SRAM                  20000000   00040000  000297b7  00016849  RW X


SEGMENT ALLOCATION MAP

run origin  load origin   length   init length attrs members
----------  ----------- ---------- ----------- ----- -------
00000000    00000000    00012320   00012320    r-x
  00000000    00000000    00000200   00000200    r-- .intvecs
  00000200    00000200    00011952   00011952    r-x .text
  00011b54    00011b54    0000067a   0000067a    r-- .const
  000121d0    000121d0    00000150   00000150    r-- .cinit
20000000    20000000    000297b8   00000000    rw-
  20000000    20000000    0002540f   00000000    rw- .bss
  20025410    20025410    00004000   00000000    rw- .stack
  20029410    20029410    000003a8   00000000    rw- .data


SECTION ALLOCATION MAP

 output                                  attributes/
section   page    origin      length       input sections
--------  ----  ----------  ----------   ----------------
.init_array 
*          0    00000000    00000000     UNINITIALIZED

.intvecs   0    00000000    00000200     
                  00000000    00000200     startup_ccs.obj (.intvecs)

.text      0    00000200    00011952     
                  00000200    0000076c     lwiplib.obj (.text:tcp_receive)
                  0000096c    00000461     cloud_task.obj (.text:PrintConnectionHelp)
                  00000dcd    00000001     --HOLE-- [fill = 0]
                  00000dce    00000002     startup_ccs.obj (.text:FaultISR)
                  00000dd0    000003f0     rtsv7M4_T_le_v4SPD16_eabi.lib : powf.obj (.text)
                  000011c0    000003b0     lwiplib.obj (.text:tcp_process)
                  00001570    000003ac     lwiplib.obj (.text:tcp_input)
                  0000191c    00000324     compdcm_task.obj (.text:CompDCMTask)
                  00001c40    000002f0     senshub_iot.obj (.text:main)
                  00001f30    000002dc     lwiplib.obj (.text:tcp_write)
                  0000220c    000002bc     lwiplib.obj (.text:tcp_slowtmr)
                  000024c8    00000294     sensorlib.lib : comp_dcm.obj (.text:CompDCMUpdate)
                  0000275c    00000268     isl29023_task.obj (.text:ISL29023Task)
                  000029c4    00000245     ustdlib.obj (.text:uvsnprintf)
                  00002c09    00000001     --HOLE-- [fill = 0]
                  00002c0a    00000002     startup_ccs.obj (.text:IntDefaultHandler)
                  00002c0c    0000022c     exosite.obj (.text:sendLine)
                  00002e38    00000220     lwiplib.obj (.text:dhcp_parse_reply)
                  00003058    00000214     pinout.obj (.text:PinoutSet)
                  0000326c    00000208     cloud_task.obj (.text:CloudTask)
                  00003474    00000204     sensorlib.lib : tmp006.obj (.text:TMP006DataTemperatureGetFloat)
                  00003678    000001fc     driverlib.lib : sysctl.obj (.text:SysCtlClockFreqSet)
                  00003874    000001f4     cloud_task.obj (.text:CloudSyncExosite)
                  00003a68    000001ea     uartstdio.obj (.text:UARTvprintf)
                  00003c52    00000002     startup_ccs.obj (.text:NmiSR)
                  00003c54    000001e8     sensorlib.lib : bmp180.obj (.text:BMP180DataPressureGetFloat)
                  00003e3c    000001dc                   : bmp180.obj (.text:BMP180Callback)
                  00004018    000001d8     lwiplib.obj (.text:ip_input)
                  000041f0    000001d4     cloud_task.obj (.text:CloudTaskInit)
                  000043c4    000001c8     command_task.obj (.text:Cmd_proxy)
                  0000458c    000001c8     sensorlib.lib : comp_dcm.obj (.text:CompDCMComputeQuaternion)
                  00004754    000001c8     lwiplib.obj (.text:udp_input)
                  0000491c    000001bc     bmp180_task.obj (.text:BMP180Task)
                  00004ad8    000001b6     rtsv7M4_T_le_v4SPD16_eabi.lib : fd_add_t2.obj (.text)
                  00004c8e    00000002     exosite_hal_lwip.obj (.text:exoHAL_EraseMeta)
                  00004c90    000001ac     cloud_task.obj (.text:CloudProvisionExosite)
                  00004e3c    0000019c     exosite.obj (.text:Exosite_Activate)
                  00004fd8    00000194     compdcm_task.obj (.text:CompDCMDataEncodeJSON)
                  0000516c    00000190     lwiplib.obj (.text:tcp_output)
                  000052fc    0000018c     tmp006_task.obj (.text:TMP006Task)
                  00005488    0000018c     lwiplib.obj (.text:icmp_input)
                  00005614    00000184     rtsv7M4_T_le_v4SPD16_eabi.lib : xfexp.obj (.text)
                  00005798    00000180     sensorlib.lib : mpu9150.obj (.text:MPU9150Callback)
                  00005918    0000017c     cloud_task.obj (.text:CloudStartExosite)
                  00005a94    00000178     rtsv7M4_T_le_v4SPD16_eabi.lib : xflog.obj (.text)
                  00005c0c    00000160     uartstdio.obj (.text:UARTStdioIntHandler)
                  00005d6c    00000154     lwiplib.obj (.text:etharp_arp_input)
                  00005ec0    00000144     lwiplib.obj (.text:tcp_close_shutdown)
                  00006004    0000013c     exosite_hal_lwip.obj (.text:exoHAL_ExositeEnetEvents)
                  00006140    0000013a     lwiplib.obj (.text:pbuf_alloc)
                  0000627a    00000136     rtsv7M4_T_le_v4SPD16_eabi.lib : fd_div_t2.obj (.text)
                  000063b0    00000134     lwiplib.obj (.text:dns_recv)
                  000064e4    00000130     compdcm_task.obj (.text:CompDCMDataPrint)
                  00006614    00000130     driverlib.lib : gpio.obj (.text:GPIOPadConfigSet)
                  00006744    00000130     lwiplib.obj (.text:tivaif_receive)
                  00006874    0000012c     cloud_task.obj (.text:CloudTaskStatsEncodeJSON)
                  000069a0    00000128     lwiplib.obj (.text:dhcp_create_msg)
                  00006ac8    00000128     lwiplib.obj (.text:etharp_output)
                  00006bf0    00000120     lwiplib.obj (.text:mem_malloc)
                  00006d10    00000120     lwiplib.obj (.text:mem_trim)
                  00006e30    00000114     lwiplib.obj (.text:etharp_query)
                  00006f44    00000114     lwiplib.obj (.text:tcp_listen_input)
                  00007058    00000114     tasks.obj (.text:xTaskIncrementTick)
                  0000716c    0000010a     lwiplib.obj (.text:ipaddr_aton)
                  00007276    00000002     senshub_iot.obj (.text:vApplicationStackOverflowHook)
                  00007278    00000104     exosite.obj (.text:Exosite_Read)
                  0000737c    00000104     isl29023_task.obj (.text:ISL29023TaskInit)
                  00007480    00000100     tmp006_task.obj (.text:TMP006TaskInit)
                  00007580    00000100     eth_client_lwip.obj (.text:lwIPHostTimerHandler)
                  00007680    00000100     queue.obj (.text:xQueueGenericReceive)
                  00007780    000000fc     rtsv7M4_T_le_v4SPD16_eabi.lib : fd_mul_t2.obj (.text)
                  0000787c    000000f8     cloud_task.obj (.text:CloudTaskStatsPrint)
                  00007974    000000f8     lwiplib.obj (.text:tcp_connect)
                  00007a6c    000000f4     lwiplib.obj (.text:lwIPInit)
                  00007b60    000000f4     lwiplib.obj (.text:lwIPPrivateNetworkConfigChange)
                  00007c54    000000f4     lwiplib.obj (.text:tivaif_transmit)
                  00007d48    000000f2     sensorlib.lib : i2cm_drv.obj (.text:I2CMIntHandler)
                  00007e3a    00000002     heap_1.obj (.text:vPortFree)
                  00007e3c    000000f0     command_task.obj (.text:CommandTask)
                  00007f2c    000000f0     compdcm_task.obj (.text:CompDCMTaskInit)
                  0000801c    000000e4     sht21_task.obj (.text:SHT21MeasureHumidity)
                  00008100    000000e4     sht21_task.obj (.text:SHT21MeasureTemperature)
                  000081e4    000000e0     bmp180_task.obj (.text:BMP180AppErrorHandler)
                  000082c4    000000e0     compdcm_task.obj (.text:CompDCMAppErrorHandler)
                  000083a4    000000e0     isl29023_task.obj (.text:ISL29023AppErrorHandler)
                  00008484    000000e0     sht21_task.obj (.text:SHT21Task)
                  00008564    000000e0     lwiplib.obj (.text:etharp_find_entry)
                  00008644    000000dc     sht21_task.obj (.text:SHT21AppErrorHandler)
                  00008720    000000dc     lwiplib.obj (.text:etharp_raw)
                  000087fc    000000dc     tasks.obj (.text:xTaskGenericCreate)
                  000088d8    000000d8     rtsv7M4_T_le_v4SPD16_eabi.lib : atan2f.obj (.text)
                  000089b0    000000d4     http.obj (.text:HTTPMessageTypeSet)
                  00008a84    000000d4     tmp006_task.obj (.text:TMP006AppErrorHandler)
                  00008b58    000000d4     lwiplib.obj (.text:tcp_alloc)
                  00008c2c    000000d0     cloud_task.obj (.text:CloudBoardDataDecodeExositeHTTP)
                  00008cfc    000000d0     lwiplib.obj (.text:autoip_tmr)
                  00008dcc    000000d0     tasks.obj (.text:xTaskResumeAll)
                  00008e9c    000000cc     lwiplib.obj (.text:dhcp_bind)
                  00008f68    000000cc     lwiplib.obj (.text:dhcp_recv)
                  00009034    000000cc     lwiplib.obj (.text:dhcp_select)
                  00009100    000000cc     lwiplib.obj (.text:lwIPPrivateInit)
                  000091cc    000000cc     lwiplib.obj (.text:udp_sendto_if)
                  00009298    000000c8     exosite.obj (.text:Exosite_Write)
                  00009360    000000c8     tasks.obj (.text:vTaskSwitchContext)
                  00009428    000000c6     queue.obj (.text:xQueueGenericSend)
                  000094ee    00000002     --HOLE-- [fill = 0]
                  000094f0    000000c4     driverlib.lib : eeprom.obj (.text:EEPROMProgram)
                  000095b4    000000c4     isl29023_task.obj (.text:ISL29023AppAdjustRange)
                  00009678    000000c4     lwiplib.obj (.text:InitDMADescriptors)
                  0000973c    000000c0     exosite_hal_lwip.obj (.text:exoHAL_SocketOpenTCP)
                  000097fc    000000c0     exosite.obj (.text:info_assemble)
                  000098bc    000000c0     rtsv7M4_T_le_v4SPD16_eabi.lib : xfdscale.obj (.text)
                  0000997c    000000bc     lwiplib.obj (.text:dhcp_discover)
                  00009a38    000000bc     lwiplib.obj (.text:dns_send)
                  00009af4    000000bc     lwiplib.obj (.text:tcp_create_segment)
                  00009bb0    000000bc     lwiplib.obj (.text:tcp_output_segment)
                  00009c6c    000000bc     lwiplib.obj (.text:tivaif_hwinit)
                  00009d28    000000b4     bmp180_task.obj (.text:BMP180DataPrint)
                  00009ddc    000000b0     sensorlib.lib : comp_dcm.obj (.text:CompDCMStart)
                  00009e8c    000000b0     uartstdio.obj (.text:UARTStdioConfig)
                  00009f3c    000000b0     rtsv7M4_T_le_v4SPD16_eabi.lib : asinf.obj (.text)
                  00009fec    000000ac     bmp180_task.obj (.text:BMP180DataEncodeJSON)
                  0000a098    000000ac     lwiplib.obj (.text:dns_enqueue)
                  0000a144    000000a8     uartstdio.obj (.text:UARTwrite)
                  0000a1ec    000000a8     lwiplib.obj (.text:dhcp_start)
                  0000a294    000000a8     rtsv7M4_T_le_v4SPD16_eabi.lib : xfatan.obj (.text)
                  0000a33c    000000a8     lwiplib.obj (.text:tcp_enqueue_flags)
                  0000a3e4    000000a6     portasm.obj (.text)
                  0000a48a    00000002     --HOLE-- [fill = 0]
                  0000a48c    000000a4     sensorlib.lib : mpu9150.obj (.text:MPU9150DataMagnetoGetFloat)
                  0000a530    000000a4     lwiplib.obj (.text:dhcp_release)
                  0000a5d4    000000a4     lwiplib.obj (.text:ethernet_input)
                  0000a678    000000a4     lwiplib.obj (.text:ip_output_if)
                  0000a71c    000000a0     sensorlib.lib : mpu9150.obj (.text:MPU9150Write)
                  0000a7bc    000000a0     lwiplib.obj (.text:dhcp_handle_ack)
                  0000a85c    000000a0     lwiplib.obj (.text:dns_check_entry)
                  0000a8fc    0000009f     cloud_task.obj (.text:uftostr)
                  0000a99b    00000001     --HOLE-- [fill = 0]
                  0000a99c    0000009c     http.obj (.text:HTTPResponseParse)
                  0000aa38    0000009c     rtsv7M4_T_le_v4SPD16_eabi.lib : memcpy_t2.obj (.text)
                  0000aad4    0000009c     tasks.obj (.text:uxTaskGetSystemState)
                  0000ab70    00000098     sensorlib.lib : i2cm_drv.obj (.text:I2CMStateIdle)
                  0000ac08    00000098     isl29023_task.obj (.text:ISL29023DataEncodeJSON)
                  0000aca0    00000098     lwiplib.obj (.text:dhcp_reboot)
                  0000ad38    00000098     ustdlib.obj (.text:ustrtoul)
                  0000add0    00000094     rtsv7M4_T_le_v4SPD16_eabi.lib : auto_init.obj (.text)
                  0000ae64    00000092     lwiplib.obj (.text:pbuf_copy)
                  0000aef6    00000002     --HOLE-- [fill = 0]
                  0000aef8    00000090     bmp180_task.obj (.text:BMP180TaskInit)
                  0000af88    00000090     sht21_task.obj (.text:SHT21TaskInit)
                  0000b018    00000090     timers.obj (.text:prvProcessReceivedCommands)
                  0000b0a8    00000090     rtsv7M4_T_le_v4SPD16_eabi.lib : xfdint.obj (.text)
                  0000b138    00000090     lwiplib.obj (.text:tcp_abandon)
                  0000b1c8    00000090     lwiplib.obj (.text:tcpip_thread)
                  0000b258    0000008c     uartstdio.obj (.text:UARTPrimeTransmit)
                  0000b2e4    0000008c     lwiplib.obj (.text:tcp_zero_window_probe)
                  0000b370    00000088     sht21_task.obj (.text:SHT21DataEncodeJSON)
                  0000b3f8    00000088     sensorlib.lib : sht21.obj (.text:SHT21DataHumidityGetFloat)
                  0000b480    00000088     sht21_task.obj (.text:SHT21DataPrint)
                  0000b508    00000088     tmp006_task.obj (.text:TMP006DataPrint)
                  0000b590    00000084     eth_client_lwip.obj (.text:EthClientInit)
                  0000b614    00000084     sensorlib.lib : i2cm_drv.obj (.text:I2CMCommand)
                  0000b698    00000084     locator.obj (.text:LocatorReceive)
                  0000b71c    00000084     lwiplib.obj (.text:lwIPLinkDetect)
                  0000b7a0    00000084     lwiplib.obj (.text:tcp_timewait_input)
                  0000b824    00000084     lwiplib.obj (.text:tivaif_process_phy_interrupt)
                  0000b8a8    00000082     lwiplib.obj (.text:autoip_arp_reply)
                  0000b92a    00000002     --HOLE-- [fill = 0]
                  0000b92c    00000080     sensorlib.lib : bmp180.obj (.text:BMP180DataTemperatureGetFloat)
                  0000b9ac    00000080     command_task.obj (.text:Cmd_help)
                  0000ba2c    00000080     tmp006_task.obj (.text:TMP006DataEncodeJSON)
                  0000baac    00000080     lwiplib.obj (.text:dhcp_rebind)
                  0000bb2c    00000080     lwiplib.obj (.text:dhcp_renew)
                  0000bbac    00000080     lwiplib.obj (.text:sys_sem_new)
                  0000bc2c    00000080     lwiplib.obj (.text:sys_thread_new)
                  0000bcac    00000080     lwiplib.obj (.text:tcp_parseopt)
                  0000bd2c    0000007c     buttons.obj (.text:ButtonsPoll)
                  0000bda8    0000007c     lwiplib.obj (.text:dhcp_timeout)
                  0000be24    0000007c     lwiplib.obj (.text:mem_free)
                  0000bea0    0000007c     lwiplib.obj (.text:tcp_rst)
                  0000bf1c    0000007a     rtsv7M4_T_le_v4SPD16_eabi.lib : memset_t2.obj (.text)
                  0000bf96    0000007a                                   : xfdnorm.obj (.text)
                  0000c010    00000078     sensorlib.lib : mpu9150.obj (.text:MPU9150DataAccelGetFloat)
                  0000c088    00000078                   : mpu9150.obj (.text:MPU9150DataGyroGetFloat)
                  0000c100    00000078     eth_client_lwip.obj (.text:TCPConnected)
                  0000c178    00000078     lwiplib.obj (.text:lwIPEthernetIntHandler)
                  0000c1f0    00000078     lwiplib.obj (.text:tcp_oos_insert_segment)
                  0000c268    00000074     command_task.obj (.text:Cmd_stats)
                  0000c2dc    00000074     sensorlib.lib : i2cm_drv.obj (.text:I2CMReadModifyWrite16LE)
                  0000c350    00000074     lwiplib.obj (.text:etharp_update_arp_entry)
                  0000c3c4    00000074     exosite_hal_lwip.obj (.text:exoHAL_SocketRecv)
                  0000c438    00000074     lwiplib.obj (.text:raw_input)
                  0000c4ac    00000070     eth_client_lwip.obj (.text:EthClientTCPConnect)
                  0000c51c    00000070     exosite.obj (.text:Exosite_Init)
                  0000c58c    00000070     sensorlib.lib : i2cm_drv.obj (.text:I2CMReadModifyWrite8)
                  0000c5fc    00000070     lwiplib.obj (.text:sys_mbox_new)
                  0000c66c    00000070     lwiplib.obj (.text:tcp_fasttmr)
                  0000c6dc    00000070     queue.obj (.text:xQueueGenericReset)
                  0000c74c    00000070     tasks.obj (.text:xTaskRemoveFromEventList)
                  0000c7bc    0000006e     tasks.obj (.text:prvListTaskWithinSingleList)
                  0000c82a    00000002     --HOLE-- [fill = 0]
                  0000c82c    0000006c     sensorlib.lib : i2cm_drv.obj (.text:I2CMReadModifyWrite16LECallback)
                  0000c898    0000006c     isl29023_task.obj (.text:ISL29023DataPrint)
                  0000c904    0000006c     pinout.obj (.text:LEDWrite)
                  0000c970    0000006c     sensorlib.lib : mpu9150.obj (.text:MPU9150Init)
                  0000c9dc    0000006c     lwiplib.obj (.text:icmp_send_response)
                  0000ca48    0000006c     tasks.obj (.text:vTaskPriorityInherit)
                  0000cab4    0000006a     lwiplib.obj (.text:pbuf_copy_partial)
                  0000cb1e    0000006a     queue.obj (.text:prvCopyDataToQueue)
                  0000cb88    00000068     command_task.obj (.text:CommandTaskInit)
                  0000cbf0    00000068     sensorlib.lib : isl29023.obj (.text:ISL29023Write)
                  0000cc58    00000068                   : sht21.obj (.text:SHT21DataTemperatureGetFloat)
                  0000ccc0    00000068     lwiplib.obj (.text:dhcp_decline)
                  0000cd28    00000068     exosite_hal_lwip.obj (.text:exoHAL_ExositeInit)
                  0000cd90    00000068     lwiplib.obj (.text:memp_init)
                  0000cdf8    00000068     lwiplib.obj (.text:netif_set_ipaddr)
                  0000ce60    00000068     lwiplib.obj (.text:tcp_output_alloc_header)
                  0000cec8    00000068     lwiplib.obj (.text:tcp_process_refused_data)
                  0000cf30    00000068     tasks.obj (.text:vTaskSuspend)
                  0000cf98    00000064     command_task.obj (.text:ConfigureUART)
                  0000cffc    00000064     eth_client_lwip.obj (.text:EthClientSend)
                  0000d060    00000064     driverlib.lib : interrupt.obj (.text:IntIsEnabled)
                  0000d0c4    00000064     senshub_iot.obj (.text:SensorCloudStatTimerConfig)
                  0000d128    00000064     lwiplib.obj (.text:dns_init)
                  0000d18c    00000064     lwiplib.obj (.text:lwip_standard_chksum)
                  0000d1f0    00000064     lwiplib.obj (.text:mem_init)
                  0000d254    00000064     lwiplib.obj (.text:plug_holes)
                  0000d2b8    00000064     lwiplib.obj (.text:udp_bind)
                  0000d31c    00000064     tasks.obj (.text:vTaskDelete)
                  0000d380    00000062     lwiplib.obj (.text:pbuf_header)
                  0000d3e2    00000062     queue.obj (.text:prvUnlockQueue)
                  0000d444    00000060     cmdline.obj (.text:CmdLineProcess)
                  0000d4a4    00000060     sensorlib.lib : i2cm_drv.obj (.text:I2CMReadModifyWrite8Callback)
                  0000d504    00000060     driverlib.lib : interrupt.obj (.text:IntDisable)
                  0000d564    00000060                   : interrupt.obj (.text:IntEnable)
                  0000d5c4    00000060     sensorlib.lib : mpu9150.obj (.text:MPU9150DataRead)
                  0000d624    00000060                   : tmp006.obj (.text:TMP006ReadModifyWrite)
                  0000d684    00000060     tasks.obj (.text:prvInitialiseTaskLists)
                  0000d6e4    00000060     timers.obj (.text:prvSwitchTimerLists)
                  0000d744    00000060     lwiplib.obj (.text:sys_timeout)
                  0000d7a4    00000060     lwiplib.obj (.text:sys_timeouts_mbox_fetch)
                  0000d804    0000005e     sensorlib.lib : i2cm_drv.obj (.text:I2CMStateWritePause)
                  0000d862    0000005e     rtsv7M4_T_le_v4SPD16_eabi.lib : copy_decompress_rle.obj (.text)
                  0000d8c0    0000005c     cloud_task.obj (.text:CloudTaskStatsUpdate)
                  0000d91c    0000005c     cloud_task.obj (.text:SwitchTimerCallback)
                  0000d978    0000005c     sensorlib.lib : tmp006.obj (.text:TMP006Callback)
                  0000d9d4    0000005c                   : tmp006.obj (.text:TMP006Init)
                  0000da30    0000005c     exosite_hal_lwip.obj (.text:exoHAL_ResetConnection)
                  0000da8c    0000005c     lwiplib.obj (.text:memp_malloc)
                  0000dae8    0000005c     lwiplib.obj (.text:tcp_pcb_remove)
                  0000db44    0000005c     lwiplib.obj (.text:tcpip_callback_with_block)
                  0000dba0    0000005c     tasks.obj (.text:vTaskDelayUntil)
                  0000dbfc    0000005c     tasks.obj (.text:vTaskStartScheduler)
                  0000dc58    0000005a     lwiplib.obj (.text:autoip_start)
                  0000dcb2    0000005a     lwiplib.obj (.text:pbuf_realloc)
                  0000dd0c    00000059     exosite_hal_lwip.obj (.text:exoHAL_ReadUUID)
                  0000dd65    00000003     --HOLE-- [fill = 0]
                  0000dd68    00000058     sensorlib.lib : bmp180.obj (.text:BMP180DataRead)
                  0000ddc0    00000058                   : bmp180.obj (.text:BMP180Init)
                  0000de18    00000058     driverlib.lib : emac.obj (.text:EMACPHYConfigSet)
                  0000de70    00000058     sensorlib.lib : i2cm_drv.obj (.text:I2CMWrite8)
                  0000dec8    00000058     lwiplib.obj (.text:dns_gethostbyname)
                  0000df20    00000058     tasks.obj (.text:prvCheckTasksWaitingTermination)
                  0000df78    00000056     sensorlib.lib : vector.obj (.text:VectorCrossProduct)
                  0000dfce    00000056     lwiplib.obj (.text:inet_chksum_pbuf)
                  0000e024    00000056     queue.obj (.text:xQueueGenericSendFromISR)
                  0000e07a    00000002     --HOLE-- [fill = 0]
                  0000e07c    00000054     cloud_task.obj (.text:CloudProxySet)
                  0000e0d0    00000054     eth_client_lwip.obj (.text:EthClientDNSResolve)
                  0000e124    00000054     exosite.obj (.text:Exosite_GetCIK)
                  0000e178    00000054     sensorlib.lib : isl29023.obj (.text:ISL29023Init)
                  0000e1cc    00000054                   : tmp006.obj (.text:TMP006DataRead)
                  0000e220    00000054     uartstdio.obj (.text:UARTgets)
                  0000e274    00000054     lwiplib.obj (.text:autoip_create_addr)
                  0000e2c8    00000054     lwiplib.obj (.text:netif_add)
                  0000e31c    00000054     rtsv7M4_T_le_v4SPD16_eabi.lib : xfdunsca.obj (.text)
                  0000e370    00000054     lwiplib.obj (.text:sys_timeouts_init)
                  0000e3c4    00000054     lwiplib.obj (.text:tcp_rexmit)
                  0000e418    00000054     tasks.obj (.text:xTaskCheckForTimeOut)
                  0000e46c    00000052     lwiplib.obj (.text:pbuf_free)
                  0000e4be    00000052     lwiplib.obj (.text:tivaif_process_transmit)
                  0000e510    00000050     sensorlib.lib : isl29023.obj (.text:ISL29023DataRead)
                  0000e560    00000050                   : isl29023.obj (.text:ISL29023Read)
                  0000e5b0    00000050     locator.obj (.text:LocatorInit)
                  0000e600    00000050     sensorlib.lib : sht21.obj (.text:SHT21Init)
                  0000e650    00000050     driverlib.lib : sysctl.obj (.text:SysCtlPeripheralReset)
                  0000e6a0    00000050     lwiplib.obj (.text:autoip_start_probing)
                  0000e6f0    00000050     tasks.obj (.text:prvInitialiseTCBVariables)
                  0000e740    00000050     heap_1.obj (.text:pvPortMalloc)
                  0000e790    00000050     lwiplib.obj (.text:tcp_new_port)
                  0000e7e0    0000004e     sensorlib.lib : i2cm_drv.obj (.text:I2CMStateWriteFinal)
                  0000e82e    0000004e     lwiplib.obj (.text:tcp_pbuf_prealloc)
                  0000e87c    0000004c     buttons.obj (.text:ButtonsInit)
                  0000e8c8    0000004c     sensorlib.lib : isl29023.obj (.text:ISL29023ReadModifyWrite)
                  0000e914    0000004c                   : sht21.obj (.text:SHT21DataRead)
                  0000e960    0000004c                   : sht21.obj (.text:SHT21Write)
                  0000e9ac    0000004c     exosite_hal_lwip.obj (.text:exoHAL_ExositeConstructProxyRequest)
                  0000e9f8    0000004c     exosite_hal_lwip.obj (.text:exoHAL_SocketSend)
                  0000ea44    0000004c     lwiplib.obj (.text:ip_route)
                  0000ea90    0000004c     tasks.obj (.text:prvAddCurrentTaskToDelayedList)
                  0000eadc    0000004c     timers.obj (.text:prvCheckForValidListAndQueue)
                  0000eb28    0000004c     timers.obj (.text:prvProcessTimerOrBlockTask)
                  0000eb74    0000004c     lwiplib.obj (.text:tcp_write_checks)
                  0000ebc0    0000004c     lwiplib.obj (.text:tcpip_input)
                  0000ec0c    0000004c     lwiplib.obj (.text:tivaif_interrupt)
                  0000ec58    0000004c     lwiplib.obj (.text:udp_new_port)
                  0000eca4    0000004c     queue.obj (.text:xQueueCreateMutex)
                  0000ecf0    0000004c     queue.obj (.text:xQueueGenericCreate)
                  0000ed3c    0000004a     rtsv7M4_T_le_v4SPD16_eabi.lib : fd_tos_t2.obj (.text)
                  0000ed86    00000002     --HOLE-- [fill = 0]
                  0000ed88    00000048     cloud_task.obj (.text:CloudBoardDataEncodeExositeHTTP)
                  0000edd0    00000048     sensorlib.lib : i2cm_drv.obj (.text:I2CMStateReadNext)
                  0000ee18    00000048     driverlib.lib : i2c.obj (.text:I2CMasterInitExpClk)
                  0000ee60    00000048     sensorlib.lib : isl29023.obj (.text:ISL29023DataLightVisibleGetFloat)
                  0000eea8    00000048     driverlib.lib : sysctl.obj (.text:_SysCtlFrequencyGet)
                  0000eef0    00000048     lwiplib.obj (.text:etharp_output_to_arp_index)
                  0000ef38    00000048     exosite_meta.obj (.text:exosite_meta_read)
                  0000ef80    00000048     lwiplib.obj (.text:ip_output)
                  0000efc8    00000048     timers.obj (.text:prvProcessExpiredTimer)
                  0000f010    00000048     rtsv7M4_T_le_v4SPD16_eabi.lib : boot.obj (.text)
                  0000f058    00000048     lwiplib.obj (.text:sys_arch_mbox_fetch)
                  0000f0a0    00000048     lwiplib.obj (.text:sys_untimeout)
                  0000f0e8    00000048     lwiplib.obj (.text:tcp_kill_prio)
                  0000f130    00000048     lwiplib.obj (.text:tcp_rexmit_fast)
                  0000f178    00000048     lwiplib.obj (.text:tcpip_init)
                  0000f1c0    00000048     lwiplib.obj (.text:udp_connect)
                  0000f208    00000048     tasks.obj (.text:vTaskPriorityDisinherit)
                  0000f250    00000046     sensorlib.lib : i2cm_drv.obj (.text:I2CMStateWriteNext)
                  0000f296    00000046     lwiplib.obj (.text:tcp_send_empty_ack)
                  0000f2dc    00000044     sensorlib.lib : comp_dcm.obj (.text:CompDCMInit)
                  0000f320    00000044     eth_client_lwip.obj (.text:EthClientDHCPConnect)
                  0000f364    00000044     sensorlib.lib : i2cm_drv.obj (.text:I2CMStateCallback)
                  0000f3a8    00000044     uartstdio.obj (.text:UARTPeek)
                  0000f3ec    00000044     lwiplib.obj (.text:lwIPInterruptTask)
                  0000f430    00000044     timers.obj (.text:prvInsertTimerInActiveList)
                  0000f474    00000044     rtsv7M4_T_le_v4SPD16_eabi.lib : cpy_tbl.obj (.text)
                  0000f4b8    00000044                                   : exit.obj (.text)
                  0000f4fc    00000044     lwiplib.obj (.text:tcp_keepalive)
                  0000f540    00000044     lwiplib.obj (.text:tcp_send_fin)
                  0000f584    00000044     lwiplib.obj (.text:tivaif_check_pbuf)
                  0000f5c8    00000044     tasks.obj (.text:vTaskPlaceOnEventList)
                  0000f60c    00000044     timers.obj (.text:xTimerCreateTimerTask)
                  0000f650    00000042     sensorlib.lib : comp_dcm.obj (.text:CompDCMComputeEulers)
                  0000f692    00000042     lwiplib.obj (.text:dhcp_network_changed)
                  0000f6d4    00000042     lwiplib.obj (.text:dhcp_option_long)
                  0000f716    00000042     rtsv7M4_T_le_v4SPD16_eabi.lib : u_divt2.obj (.text)
                  0000f758    00000042     lwiplib.obj (.text:sys_arch_sem_wait)
                  0000f79a    00000042     lwiplib.obj (.text:tcp_pcb_purge)
                  0000f7dc    00000040     command_task.obj (.text:Cmd_activate)
                  0000f81c    00000040     driverlib.lib : eeprom.obj (.text:EEPROMInit)
                  0000f85c    00000040     sensorlib.lib : isl29023.obj (.text:ISL29023Callback)
                  0000f89c    00000040     http.obj (.text:InsertRequest)
                  0000f8dc    00000040     tmp006_task.obj (.text:IntHandlerGPIOPortH)
                  0000f91c    00000040     compdcm_task.obj (.text:IntHandlerGPIOPortM)
                  0000f95c    00000040     eth_client_lwip.obj (.text:ResetConnection)
                  0000f99c    00000040     eth_client_lwip.obj (.text:TCPReceived)
                  0000f9dc    00000040     lwiplib.obj (.text:dns_lookup)
                  0000fa1c    00000040     lwiplib.obj (.text:etharp_tmr)
                  0000fa5c    00000040     rtsv7M4_T_le_v4SPD16_eabi.lib : signal.obj (.text)
                  0000fa9c    00000040     port.obj (.text:xPortStartScheduler)
                  0000fadc    00000040     timers.obj (.text:xTimerGenericCommand)
                  0000fb1c    0000003e     sensorlib.lib : i2cm_drv.obj (.text:I2CMStateReadFinal)
                  0000fb5a    0000003e                   : i2cm_drv.obj (.text:I2CMStateReadPause)
                  0000fb98    0000003e     exosite_meta.obj (.text:exosite_meta_write)
                  0000fbd6    0000003e     lwiplib.obj (.text:netif_set_link_up)
                  0000fc14    0000003c     cloud_task.obj (.text:CloudTimerCallback)
                  0000fc50    0000003c     command_task.obj (.text:Cmd_connect)
                  0000fc8c    0000003c     command_task.obj (.text:Cmd_sync)
                  0000fcc8    0000003c     isl29023_task.obj (.text:IntHandlerGPIOPortE)
                  0000fd04    0000003c     uartstdio.obj (.text:UARTFlushTx)
                  0000fd40    0000003c     driverlib.lib : eeprom.obj (.text:_EEPROMSectorMaskSet)
                  0000fd7c    0000003c     lwiplib.obj (.text:dhcp_coarse_tmr)
                  0000fdb8    0000003c     queue.obj (.text:vQueueWaitForMessageRestricted)
                  0000fdf4    0000003b     cloud_task.obj (.text:SetupServices)
                  0000fe2f    00000001     --HOLE-- [fill = 0]
                  0000fe30    0000003a     driverlib.lib : emac.obj (.text:EMACIntEnable)
                  0000fe6a    0000003a     timers.obj (.text:xTimerCreate)
                  0000fea4    00000038     sensorlib.lib : i2cm_drv.obj (.text:I2CMWrite8Callback)
                  0000fedc    00000038     lwiplib.obj (.text:dhcp_fine_tmr)
                  0000ff14    00000038     lwiplib.obj (.text:dhcp_handle_nak)
                  0000ff4c    00000038     lwiplib.obj (.text:dhcp_stop)
                  0000ff84    00000038     lwiplib.obj (.text:dns_compare_name)
                  0000ffbc    00000038     exosite_meta.obj (.text:exosite_meta_defaults)
                  0000fff4    00000038     lwiplib.obj (.text:memp_free)
                  0001002c    00000038     lwiplib.obj (.text:pbuf_pool_is_empty)
                  00010064    00000038     rtsv7M4_T_le_v4SPD16_eabi.lib : fs_tod_t2.obj (.text)
                  0001009c    00000038     lwiplib.obj (.text:sys_init)
                  000100d4    00000038     lwiplib.obj (.text:tcpip_tcp_timer)
                  0001010c    00000038     lwiplib.obj (.text:udp_sendto)
                  00010144    00000038     list.obj (.text:vListInsert)
                  0001017c    00000036     exosite.obj (.text:connect_to_exosite)
                  000101b2    00000002     --HOLE-- [fill = 0]
                  000101b4    00000036     exosite_meta.obj (.text:exosite_meta_init)
                  000101ea    00000036     tasks.obj (.text:prvAllocateTCBAndStack)
                  00010220    00000034     command_task.obj (.text:Cmd_clear)
                  00010254    00000034     eth_client_lwip.obj (.text:DNSServerFound)
                  00010288    00000034     driverlib.lib : eeprom.obj (.text:EEPROMRead)
                  000102bc    00000034                   : emac.obj (.text:EMACConfigGet)
                  000102f0    00000034                   : emac.obj (.text:EMACConfigSet)
                  00010324    00000034                   : emac.obj (.text:EMACIntClear)
                  00010358    00000034     sensorlib.lib : i2cm_drv.obj (.text:I2CMInit)
                  0001038c    00000034     locator.obj (.text:LocatorAppTitleSet)
                  000103c0    00000034     driverlib.lib : sysctl.obj (.text:SysCtlPeripheralEnable)
                  000103f4    00000034                   : sysctl.obj (.text:SysCtlPeripheralReady)
                  00010428    00000034                   : eeprom.obj (.text:_EEPROMSectorMaskClear)
                  0001045c    00000034     lwiplib.obj (.text:autoip_arp_probe)
                  00010490    00000034     rtsv7M4_T_le_v4SPD16_eabi.lib : feraiseexcept.obj (.text)
                  000104c4    00000034                                   : xfdtest.obj (.text)
                  000104f8    00000034     lwiplib.obj (.text:tcp_kill_timewait)
                  0001052c    00000034     lwiplib.obj (.text:tcp_timer_needed)
                  00010560    00000034     lwiplib.obj (.text:tivaif_init)
                  00010594    00000034     tasks.obj (.text:vTaskDelay)
                  000105c8    00000032     sensorlib.lib : vector.obj (.text:VectorAdd)
                  000105fa    00000032     lwiplib.obj (.text:ip4_addr_isbroadcast)
                  0001062c    00000032     lwiplib.obj (.text:tcp_recved)
                  0001065e    00000030     sensorlib.lib : i2cm_drv.obj (.text:I2CMTransferResume)
                  0001068e    00000030     ringbuf.obj (.text:UpdateIndexAtomic)
                  000106be    00000030     lwiplib.obj (.text:dhcp_option_trailer)
                  000106ee    00000030     exosite.obj (.text:get_http_status)
                  0001071e    00000002     --HOLE-- [fill = 0]
                  00010720    00000030     lwiplib.obj (.text:pbuf_free_ooseq)
                  00010750    00000030     rtsv7M4_T_le_v4SPD16_eabi.lib : strncpy.obj (.text)
                  00010780    00000030                                   : xferaise.obj (.text)
                  000107b0    00000030     lwiplib.obj (.text:tcp_update_rcv_ann_wnd)
                  000107e0    00000030     ustdlib.obj (.text:ustrncmp)
                  00010810    0000002e     rtsv7M4_T_le_v4SPD16_eabi.lib : raise.obj (.text)
                  0001083e    0000002e     ustdlib.obj (.text:ustrstr)
                  0001086c    0000002c     bmp180_task.obj (.text:BMP180AppCallback)
                  00010898    0000002c     compdcm_task.obj (.text:CompDCMAppCallback)
                  000108c4    0000002c     driverlib.lib : emac.obj (.text:EMACIntStatus)
                  000108f0    0000002c     eth_client_lwip.obj (.text:EthClientTCPDisconnect)
                  0001091c    0000002c     isl29023_task.obj (.text:ISL29023AppCallback)
                  00010948    0000002c     sht21_task.obj (.text:SHT21AppCallback)
                  00010974    0000002c     tmp006_task.obj (.text:TMP006AppCallback)
                  000109a0    0000002c     uartstdio.obj (.text:UARTFlushRx)
                  000109cc    0000002c     lwiplib.obj (.text:autoip_arp_announce)
                  000109f8    0000002c     lwiplib.obj (.text:dhcp_handle_offer)
                  00010a24    0000002c     lwiplib.obj (.text:etharp_request)
                  00010a50    0000002c     exosite_hal_lwip.obj (.text:exoHAL_ReadMetaItem)
                  00010a7c    0000002c     exosite_hal_lwip.obj (.text:exoHAL_WriteMetaItem)
                  00010aa8    0000002c     lwiplib.obj (.text:lwIPNetworkConfigChange)
                  00010ad4    0000002c     lwiplib.obj (.text:sys_arch_thread)
                  00010b00    0000002c     lwiplib.obj (.text:sys_mbox_trypost)
                  00010b2c    0000002c     lwiplib.obj (.text:tcp_rexmit_rto)
                  00010b58    0000002c     lwiplib.obj (.text:udp_remove)
                  00010b84    0000002c     tasks.obj (.text:vTaskPlaceOnEventListRestricted)
                  00010bb0    0000002a     driverlib.lib : gpio.obj (.text:GPIODirModeSet)
                  00010bda    0000002a     sensorlib.lib : i2cm_drv.obj (.text:I2CMStateReadFirst)
                  00010c04    0000002a     lwiplib.obj (.text:autoip_bind)
                  00010c2e    00000002     --HOLE-- [fill = 0]
                  00010c30    00000028     exosite.obj (.text:Exosite_SetCIK)
                  00010c58    00000028     senshub_iot.obj (.text:Timer0IntHandler)
                  00010c80    00000028     lwiplib.obj (.text:etharp_cleanup_netif)
                  00010ca8    00000028     exosite_hal_lwip.obj (.text:exoHAL_ExositeProxySet)
                  00010cd0    00000028     exosite_hal_lwip.obj (.text:exoHAL_ServerConnect)
                  00010cf8    00000028     timers.obj (.text:prvSampleTimeNow)
                  00010d20    00000026     http.obj (.text:BufferFillToEOL)
                  00010d46    00000026     driverlib.lib : emac.obj (.text:EMACPHYRead)
                  00010d6c    00000026                   : emac.obj (.text:EMACPHYWrite)
                  00010d92    00000026     sensorlib.lib : vector.obj (.text:VectorDotProduct)
                  00010db8    00000026                   : vector.obj (.text:VectorScale)
                  00010dde    00000026     lwiplib.obj (.text:dhcp_check)
                  00010e04    00000026     rtsv7M4_T_le_v4SPD16_eabi.lib : strncmp.obj (.text)
                  00010e2a    00000002     --HOLE-- [fill = 0]
                  00010e2c    00000024     driverlib.lib : interrupt.obj (.text:IntPrioritySet)
                  00010e50    00000024     lwiplib.obj (.text:dns_setserver)
                  00010e74    00000024     lwiplib.obj (.text:etharp_free_entry)
                  00010e98    00000024     lwiplib.obj (.text:netif_set_up)
                  00010ebc    00000024     lwiplib.obj (.text:pbuf_cat)
                  00010ee0    00000024     queue.obj (.text:prvCopyDataFromQueue)
                  00010f04    00000024     rtsv7M4_T_le_v4SPD16_eabi.lib : sqrtf.obj (.text)
                  00010f28    00000024     lwiplib.obj (.text:tcp_seg_copy)
                  00010f4c    00000022     lwiplib.obj (.text:dhcp_option_short)
                  00010f6e    00000022     port.obj (.text:pxPortInitialiseStack)
                  00010f90    00000022     rtsv7M4_T_le_v4SPD16_eabi.lib : memcmp.obj (.text)
                  00010fb2    00000022     ustdlib.obj (.text:ustrncpy)
                  00010fd4    00000022     list.obj (.text:uxListRemove)
                  00010ff6    00000020     http.obj (.text:BufferFillToCharacter)
                  00011016    00000020     sensorlib.lib : i2cm_drv.obj (.text:I2CMStateReadOne)
                  00011036    00000002     --HOLE-- [fill = 0]
                  00011038    00000020     locator.obj (.text:LocatorMACAddrSet)
                  00011058    00000020     lwiplib.obj (.text:autoip_handle_arp_conflict)
                  00011078    00000020     lwiplib.obj (.text:dhcp_option)
                  00011098    00000020     lwiplib.obj (.text:etharp_send_ip)
                  000110b8    00000020     timers.obj (.text:prvGetNextExpireTime)
                  000110d8    00000020     lwiplib.obj (.text:tcp_eff_send_mss)
                  000110f8    00000020     lwiplib.obj (.text:tcp_recv_null)
                  00011118    00000020     lwiplib.obj (.text:tcp_tmr)
                  00011138    00000020     ustdlib.obj (.text:usprintf)
                  00011158    00000020     tasks.obj (.text:xTaskGetSchedulerState)
                  00011178    0000001e     driverlib.lib : emac.obj (.text:EMACAddrGet)
                  00011196    0000001e     lwiplib.obj (.text:netif_set_down)
                  000111b4    0000001c     driverlib.lib : sysctl.obj (.text:_SysCtlMemTimingGet)
                  000111d0    0000001c     exosite_hal_lwip.obj (.text:exoHAL_EnableMeta)
                  000111ec    0000001c     lwiplib.obj (.text:lwIPLocalIPAddrGet)
                  00011208    0000001c     lwiplib.obj (.text:lwIPLocalMACGet)
                  00011224    0000001c     lwiplib.obj (.text:netif_set_addr)
                  00011240    0000001c     queue.obj (.text:prvIsQueueFull)
                  0001125c    0000001c     lwiplib.obj (.text:udp_new)
                  00011278    0000001c     port.obj (.text:xPortSysTickHandler)
                  00011294    0000001a     ringbuf.obj (.text:RingBufRead)
                  000112ae    0000001a     ringbuf.obj (.text:RingBufWrite)
                  000112c8    0000001a     uartstdio.obj (.text:UARTprintf)
                  000112e2    0000001a     lwiplib.obj (.text:autoip_network_changed)
                  000112fc    0000001a     lwiplib.obj (.text:dhcp_arp_reply)
                  00011316    0000001a     lwiplib.obj (.text:dns_parse_name)
                  00011330    0000001a     lwiplib.obj (.text:lwip_htonl)
                  0001134a    0000001a     queue.obj (.text:prvIsQueueEmpty)
                  00011364    0000001a     rtsv7M4_T_le_v4SPD16_eabi.lib : strcat.obj (.text)
                  0001137e    0000001a     lwiplib.obj (.text:sys_mbox_post)
                  00011398    0000001a     ustdlib.obj (.text:usnprintf)
                  000113b2    00000002     --HOLE-- [fill = 0]
                  000113b4    00000018     eth_client_lwip.obj (.text:EthClientMACAddrGet)
                  000113cc    00000018     sensorlib.lib : i2cm_drv.obj (.text:I2CMStateReadWait)
                  000113e4    00000018     uartstdio.obj (.text:IsBufferFull)
                  000113fc    00000018     eth_client_lwip.obj (.text:TCPError)
                  00011414    00000018     eth_client_lwip.obj (.text:TCPSent)
                  0001142c    00000018     sensorlib.lib : tmp006.obj (.text:TMP006DataTemperatureGetRaw)
                  00011444    00000018     lwiplib.obj (.text:arp_timer)
                  0001145c    00000018     lwiplib.obj (.text:autoip_timer)
                  00011474    00000018     lwiplib.obj (.text:dhcp_timer_coarse)
                  0001148c    00000018     lwiplib.obj (.text:dhcp_timer_fine)
                  000114a4    00000018     lwiplib.obj (.text:dns_timer)
                  000114bc    00000018     lwiplib.obj (.text:lwIPPrivateHostTimer)
                  000114d4    00000018     lwiplib.obj (.text:lwIPPrivateLinkTimer)
                  000114ec    00000018     lwiplib.obj (.text:lwip_init)
                  00011504    00000018     rtsv7M4_T_le_v4SPD16_eabi.lib : args_main.obj (.text)
                  0001151c    00000018                                   : strcmp.obj (.text)
                  00011534    00000018     lwiplib.obj (.text:tcp_next_iss)
                  0001154c    00000018     lwiplib.obj (.text:tcp_seg_free)
                  00011564    00000018     list.obj (.text:vListInsertEnd)
                  0001157c    00000018     tasks.obj (.text:vTaskSetTimeOutState)
                  00011594    00000018     tasks.obj (.text:xTaskGetTickCount)
                  000115ac    00000016     driverlib.lib : emac.obj (.text:EMACReset)
                  000115c2    00000016                   : emac.obj (.text:EMACRxEnable)
                  000115d8    00000016                   : emac.obj (.text:EMACTxEnable)
                  000115ee    00000016     ringbuf.obj (.text:RingBufFlush)
                  00011604    00000016     ringbuf.obj (.text:RingBufReadOne)
                  0001161a    00000016     ringbuf.obj (.text:RingBufUsed)
                  00011630    00000016     sensorlib.lib : sht21.obj (.text:SHT21Callback)
                  00011646    00000016     lwiplib.obj (.text:dhcp_delete_msg)
                  0001165c    00000016     lwiplib.obj (.text:dhcp_t1_timeout)
                  00011672    00000016     lwiplib.obj (.text:dhcp_t2_timeout)
                  00011688    00000016     lwiplib.obj (.text:pbuf_ref)
                  0001169e    00000016     list.obj (.text:vListInitialise)
                  000116b4    00000014     driverlib.lib : flash.obj (.text:FlashUserGet)
                  000116c8    00000014     uartstdio.obj (.text:GetBufferCount)
                  000116dc    00000014     lwiplib.obj (.text:ipaddr_addr)
                  000116f0    00000014     port.obj (.text:prvSetupTimerInterrupt)
                  00011704    00000014     tasks.obj (.text:prvTaskCheckFreeStackSpace)
                  00011718    00000014     timers.obj (.text:prvTimerTask)
                  0001172c    00000014     rtsv7M4_T_le_v4SPD16_eabi.lib : _lock.obj (.text)
                  00011740    00000014                                   : strlen.obj (.text)
                  00011754    00000014     lwiplib.obj (.text:tcp_close)
                  00011768    00000014     port.obj (.text:vPortEnterCritical)
                  0001177c    00000014     port.obj (.text:vPortExitCritical)
                  00011790    00000012     driverlib.lib : gpio.obj (.text:GPIOPinTypeEthernetLED)
                  000117a2    00000012                   : gpio.obj (.text:GPIOPinTypeI2CSCL)
                  000117b4    00000012     ringbuf.obj (.text:RingBufFree)
                  000117c6    00000012     rtsv7M4_T_le_v4SPD16_eabi.lib : copy_zero_init.obj (.text:decompress:ZI)
                  000117d8    00000012     lwiplib.obj (.text:dhcp_option_byte)
                  000117ea    00000012     lwiplib.obj (.text:dns_check_entries)
                  000117fc    00000012     lwiplib.obj (.text:netif_set_link_down)
                  0001180e    00000012     lwiplib.obj (.text:pbuf_clen)
                  00011820    00000012     tasks.obj (.text:prvDeleteTCB)
                  00011832    00000012     lwiplib.obj (.text:tcp_segs_free)
                  00011844    00000012     ustdlib.obj (.text:ustrlen)
                  00011856    00000002     --HOLE-- [fill = 0]
                  00011858    00000010     driverlib.lib : emac.obj (.text:EMACFrameFilterSet)
                  00011868    00000010     eth_client_lwip.obj (.text:EthClientHostSet)
                  00011878    00000010     eth_client_lwip.obj (.text:EthClientProxySet)
                  00011888    00000010     ringbuf.obj (.text:RingBufWriteOne)
                  00011898    00000010     driverlib.lib : eeprom.obj (.text:_EEPROMWaitForDone)
                  000118a8    00000010     lwiplib.obj (.text:autoip_stop)
                  000118b8    00000010     lwiplib.obj (.text:dhcp_set_state)
                  000118c8    00000010     lwiplib.obj (.text:dns_tmr)
                  000118d8    00000010     lwiplib.obj (.text:sys_sem_signal)
                  000118e8    00000010     port.obj (.text:vPortYield)
                  000118f8    00000010     port.obj (.text:vPortYieldFromISR)
                  00011908    00000010     tasks.obj (.text:vTaskSuspendAll)
                  00011918    0000000e     sensorlib.lib : comp_dcm.obj (.text:CompDCMAccelUpdate)
                  00011926    0000000e                   : comp_dcm.obj (.text:CompDCMGyroUpdate)
                  00011934    0000000e                   : comp_dcm.obj (.text:CompDCMMagnetoUpdate)
                  00011942    0000000e     driverlib.lib : gpio.obj (.text:GPIOIntStatus)
                  00011950    0000000e     uartstdio.obj (.text:IsBufferEmpty)
                  0001195e    0000000e     driverlib.lib : timer.obj (.text:TimerEnable)
                  0001196c    0000000e     rtsv7M4_T_le_v4SPD16_eabi.lib : copy_decompress_none.obj (.text:decompress:none)
                  0001197a    0000000e     lwiplib.obj (.text:pbuf_chain)
                  00011988    0000000e     rtsv7M4_T_le_v4SPD16_eabi.lib : xfdclass.obj (.text)
                  00011996    0000000c     driverlib.lib : cpu.obj (.text:CPUcpsid)
                  000119a2    0000000c                   : cpu.obj (.text:CPUcpsie)
                  000119ae    0000000c                   : gpio.obj (.text:GPIOIntEnable)
                  000119ba    0000000c     sensorlib.lib : isl29023.obj (.text:ISL29023DataLightVisibleGetRaw)
                  000119c6    00000002     --HOLE-- [fill = 0]
                  000119c8    0000000c     driverlib.lib : interrupt.obj (.text:IntTrigger)
                  000119d4    0000000c     ringbuf.obj (.text:RingBufInit)
                  000119e0    0000000c     sensorlib.lib : sht21.obj (.text:SHT21DataHumidityGetRaw)
                  000119ec    0000000c                   : sht21.obj (.text:SHT21DataTemperatureGetRaw)
                  000119f8    0000000c     senshub_iot.obj (.text:SensHubI2CIntHandler)
                  00011a04    0000000c     lwiplib.obj (.text:autoip_restart)
                  00011a10    0000000c     exosite_hal_lwip.obj (.text:exoHAL_SocketClose)
                  00011a1c    0000000c     lwiplib.obj (.text:inet_chksum)
                  00011a28    0000000c     lwiplib.obj (.text:lwip_htons)
                  00011a34    0000000c     lwiplib.obj (.text:netif_set_default)
                  00011a40    0000000c     lwiplib.obj (.text:netif_set_gw)
                  00011a4c    0000000c     lwiplib.obj (.text:netif_set_netmask)
                  00011a58    0000000c     tasks.obj (.text:vTaskMissedYield)
                  00011a64    0000000c     tasks.obj (.text:xTaskGetCurrentTaskHandle)
                  00011a70    0000000a     driverlib.lib : i2c.obj (.text:I2CMasterEnable)
                  00011a7a    0000000a                   : interrupt.obj (.text:IntMasterDisable)
                  00011a84    0000000a                   : interrupt.obj (.text:IntMasterEnable)
                  00011a8e    0000000a     lwiplib.obj (.text:sys_arch_protect)
                  00011a98    0000000a     lwiplib.obj (.text:sys_mbox_valid)
                  00011aa2    00000008     driverlib.lib : emac.obj (.text:EMACTxDMAPollDemand)
                  00011aaa    00000008                   : i2c.obj (.text:I2CMasterIntClear)
                  00011ab2    00000008                   : i2c.obj (.text:I2CMasterIntEnableEx)
                  00011aba    00000008                   : i2c.obj (.text:I2CMasterSlaveAddrSet)
                  00011ac2    00000008     lwiplib.obj (.text:icmp_dest_unreach)
                  00011aca    00000008     tasks.obj (.text:prvIdleTask)
                  00011ad2    00000008     ustdlib.obj (.text:ustrcmp)
                  00011ada    00000006     driverlib.lib : emac.obj (.text:EMACRxDMADescriptorListSet)
                  00011ae0    00000006                   : emac.obj (.text:EMACTimestampIntStatus)
                  00011ae6    00000006                   : emac.obj (.text:EMACTxDMADescriptorListSet)
                  00011aec    00000006                   : gpio.obj (.text:GPIOIntClear)
                  00011af2    00000006                   : gpio.obj (.text:GPIOPinWrite)
                  00011af8    00000006     startup_ccs.obj (.text:ResetISR)
                  00011afe    00000006     driverlib.lib : sysctl.obj (.text:SysCtlDelay)
                  00011b04    00000006                   : uart.obj (.text:UARTClockSourceSet)
                  00011b0a    00000006     rtsv7M4_T_le_v4SPD16_eabi.lib : copy_decompress_rle.obj (.text:decompress:rle24)
                  00011b10    00000006                                   : logf.obj (.text)
                  00011b16    00000006     lwiplib.obj (.text:tcp_abort)
                  00011b1c    00000006     lwiplib.obj (.text:tcp_err)
                  00011b22    00000006     lwiplib.obj (.text:tcp_new)
                  00011b28    00000006     lwiplib.obj (.text:tcp_recv)
                  00011b2e    00000006     lwiplib.obj (.text:udp_recv)
                  00011b34    00000006     list.obj (.text:vListInitialiseItem)
                  00011b3a    00000004     driverlib.lib : i2c.obj (.text:I2CMasterControl)
                  00011b3e    00000004                   : i2c.obj (.text:I2CMasterDataGet)
                  00011b42    00000004                   : i2c.obj (.text:I2CMasterDataPut)
                  00011b46    00000004     lwiplib.obj (.text:pbuf_free_ooseq_callback)
                  00011b4a    00000004     lwiplib.obj (.text:sys_arch_unprotect)
                  00011b4e    00000004     lwiplib.obj (.text:tcp_sent)

.const     0    00011b54    0000067a     
                  00011b54    00000150     command_task.obj (.const:.string)
                  00011ca4    00000120     driverlib.lib : sysctl.obj (.const:g_pppui32XTALtoVCO)
                  00011dc4    0000009c                   : interrupt.obj (.const:g_pui32Regs)
                  00011e60    0000008a     lwiplib.obj (.const:.string)
                  00011eea    00000002     --HOLE-- [fill = 0]
                  00011eec    00000070     driverlib.lib : interrupt.obj (.const)
                  00011f5c    0000006c                   : sysctl.obj (.const:g_pui32Xtals)
                  00011fc8    0000004c     lwiplib.obj (.const)
                  00012014    00000038     rtsv7M4_T_le_v4SPD16_eabi.lib : xflog.obj (.const)
                  0001204c    00000034                                   : xfatan.obj (.const)
                  00012080    00000030     driverlib.lib : sysctl.obj (.const:g_sXTALtoMEMTIM)
                  000120b0    00000030     sensorlib.lib : isl29023.obj (.const)
                  000120e0    00000028     rtsv7M4_T_le_v4SPD16_eabi.lib : xfdint.obj (.const)
                  00012108    00000028     uartstdio.obj (.const)
                  00012130    00000020     isl29023_task.obj (.const)
                  00012150    00000020     sensorlib.lib : mpu9150.obj (.const)
                  00012170    0000001c     rtsv7M4_T_le_v4SPD16_eabi.lib : xfexp.obj (.const)
                  0001218c    00000014     tasks.obj (.const:.string)
                  000121a0    00000012     uartstdio.obj (.const:.string)
                  000121b2    0000000e     http.obj (.const:.string)
                  000121c0    00000008     driverlib.lib : sysctl.obj (.const)
                  000121c8    00000006     exosite_meta.obj (.const:.string)

.cinit     0    000121d0    00000150     
                  000121d0    0000012c     (.cinit..data.load) [load image, compression = rle]
                  000122fc    0000000c     (__TI_handler_table)
                  00012308    00000008     (.cinit..bss.load) [load image, compression = zero_init]
                  00012310    00000010     (__TI_cinit_table)

.bss       0    20000000    0002540f     UNINITIALIZED
                  20000000    00010000     heap_1.obj (.bss:ucHeap)
                  20010000    0000a174     lwiplib.obj (.bss:memp_memory)
                  2001a174    00008014     lwiplib.obj (.bss:ram_heap)
                  20022188    00001000     eth_client_lwip.obj (.bss:g_pui8SendBuff)
                  20023188    00000460     lwiplib.obj (.bss:dns_table)
                  200235e8    00000400     uartstdio.obj (.bss:g_pcUARTTxBuffer)
                  200239e8    00000400     exosite_hal_lwip.obj (.bss:g_ui8Data)
                  20023de8    00000248     cloud_task.obj (.bss:g_sTaskStatistics)
                  20024030    00000220     lwiplib.obj (.bss:mboxes)
                  20024250    00000204     lwiplib.obj (.bss:dns_payload_buffer)
                  20024454    00000140     tasks.obj (.bss:pxReadyTasksLists)
                  20024594    00000124     senshub_iot.obj (.bss:g_sI2CInst)
                  200246b8    00000120     lwiplib.obj (.bss:g_pRxDescriptors)
                  200247d8    00000120     lwiplib.obj (.bss:g_pTxDescriptors)
                  200248f8    00000110     lwiplib.obj (.bss:lwip_stats)
                  20024a08    00000100     http.obj (.bss:g_pcTempData)
                  20024b08    000000c8     lwiplib.obj (.bss:arp_table)
                  20024bd0    00000088     lwiplib.obj (.bss:mbox)
                  20024c58    00000080     cloud_task.obj (.bss:g_pcProxy)
                  20024cd8    00000080     uartstdio.obj (.bss:g_pcUARTRxBuffer)
                  20024d58    0000006c     compdcm_task.obj (.bss:g_sMPU9150Inst)
                  20024dc4    00000058     compdcm_task.obj (.bss:g_sCompDCMInst)
                  20024e1c    00000054     locator.obj (.bss:g_pui8LocatorData)
                  20024e70    00000050     lwiplib.obj (.bss:threads)
                  20024ec0    00000048     compdcm_task.obj (.bss:g_sCompDCMData)
                  20024f08    00000044     exosite.obj (.bss:exosite_provision_info)
                  20024f4c    00000044     bmp180_task.obj (.bss:g_sBMP180Inst)
                  20024f90    00000038     eth_client_lwip.obj (.bss:g_sEnet)
                  20024fc8    00000038     lwiplib.obj (.bss:g_sNetIF)
                  20025000    00000034     cloud_task.obj (.bss:g_pcExositeCIK)
                  20025034    00000034     exosite_hal_lwip.obj (.bss:g_pcProxyAddress)
                  20025068    00000030     tmp006_task.obj (.bss:g_sTMP006Inst)
                  20025098    00000030     lwiplib.obj (.bss:sems)
                  200250c8    0000002c     isl29023_task.obj (.bss:g_sISL29023Inst)
                  200250f4    0000002c     sht21_task.obj (.bss:g_sSHT21Inst)
                  20025120    00000028     lwiplib.obj (.bss:dhcp_rx_options_val)
                  20025148    00000028     lwiplib.obj (.bss:memp_tab)
                  20025170    00000024     cmdline.obj (.bss:g_ppcArgv)
                  20025194    0000001c     (.common:g_sCloudData)
                  200251b0    00000014     (.common:g_sBMP180Data)
                  200251c4    00000014     (.common:g_sExosite)
                  200251d8    00000014     (.common:g_sISL29023Data)
                  200251ec    00000014     (.common:xActiveTimerList1)
                  20025200    00000014     (.common:xActiveTimerList2)
                  20025214    00000014     (.common:xDelayedTaskList1)
                  20025228    00000014     (.common:xDelayedTaskList2)
                  2002523c    00000014     (.common:xPendingReadyList)
                  20025250    00000014     (.common:xSuspendedTaskList)
                  20025264    00000014     (.common:xTasksWaitingTermination)
                  20025278    00000010     (.common:g_sEnetBuffer)
                  20025288    00000010     (.common:g_sSHT21Data)
                  20025298    00000010     (.common:g_sTMP006Data)
                  200252a8    00000010     (.common:inseg)
                  200252b8    0000000c     (.common:dhcp_rx_options_given)
                  200252c4    0000000c     (.common:g_sCloudBoardData)
                  200252d0    0000000c     (.common:mem_mutex)
                  200252dc    00000008     (.common:dns_servers)
                  200252e4    00000004     (.common:ackno)
                  200252e8    00000004     (.common:current_header)
                  200252ec    00000004     (.common:current_iphdr_dest)
                  200252f0    00000004     (.common:current_iphdr_src)
                  200252f4    00000004     (.common:current_netif)
                  200252f8    00000004     (.common:dns_payload)
                  200252fc    00000004     (.common:dns_pcb)
                  20025300    00000004     (.common:g_pInterrupt)
                  20025304    00000004     (.common:g_pfnTimerHandler)
                  20025308    00000004     (.common:g_pvCloudTimerID)
                  2002530c    00000004     (.common:g_pvSwitchesTimerID)
                  20025310    00000004     (.common:g_ui32AbnormalInts)
                  20025314    00000004     (.common:g_ui32GWAddr)
                  20025318    00000004     (.common:g_ui32IPAddr)
                  2002531c    00000004     (.common:g_ui32NetMask)
                  20025320    00000004     (.common:g_ui32NormalInts)
                  20025324    00000004     (.common:g_ui32PortNum)
                  20025328    00000004     (.common:g_ui32SysClock)
                  2002532c    00000004     (.common:g_vui8BMP180I2CErrorStatus)
                  20025330    00000004     (.common:g_vui8CompDCMI2CErrorStatus)
                  20025334    00000004     (.common:g_vui8ISL29023I2CErrorStatus)
                  20025338    00000004     (.common:g_vui8SHT21I2CErrorStatus)
                  2002533c    00000004     (.common:g_vui8TMP006I2CErrorStatus)
                  20025340    00000004     (.common:g_vulRunTimeStatsCountValue)
                  20025344    00000004     (.common:g_xBMP180Handle)
                  20025348    00000004     (.common:g_xBMP180TransactionCompleteSemaphore)
                  2002534c    00000004     (.common:g_xCloudDataSemaphore)
                  20025350    00000004     (.common:g_xCloudTaskHandle)
                  20025354    00000004     (.common:g_xCloudTaskRequestQueue)
                  20025358    00000004     (.common:g_xCloudTimerHandle)
                  2002535c    00000004     (.common:g_xCommandHandle)
                  20025360    00000004     (.common:g_xCompDCMDataReadySemaphore)
                  20025364    00000004     (.common:g_xCompDCMHandle)
                  20025368    00000004     (.common:g_xCompDCMTransactionCompleteSemaphore)
                  2002536c    00000004     (.common:g_xI2CSemaphore)
                  20025370    00000004     (.common:g_xISL29023AdjustRangeSemaphore)
                  20025374    00000004     (.common:g_xISL29023Handle)
                  20025378    00000004     (.common:g_xISL29023TransactionCompleteSemaphore)
                  2002537c    00000004     (.common:g_xSHT21Handle)
                  20025380    00000004     (.common:g_xSHT21TransactionCompleteSemaphore)
                  20025384    00000004     (.common:g_xSwitchesTimerHandle)
                  20025388    00000004     (.common:g_xTMP006DataReadySemaphore)
                  2002538c    00000004     (.common:g_xTMP006Handle)
                  20025390    00000004     (.common:g_xTMP006TransactionCompleteSemaphore)
                  20025394    00000004     (.common:g_xUARTSemaphore)
                  20025398    00000004     (.common:iphdr)
                  2002539c    00000004     (.common:lfree)
                  200253a0    00000004     (.common:netif_default)
                  200253a4    00000004     (.common:netif_list)
                  200253a8    00000004     (.common:next_timeout)
                  200253ac    00000004     (.common:pxCurrentTimerList)
                  200253b0    00000004     (.common:pxDelayedTaskList)
                  200253b4    00000004     (.common:pxOverflowDelayedTaskList)
                  200253b8    00000004     (.common:pxOverflowTimerList)
                  200253bc    00000004     (.common:ram)
                  200253c0    00000004     (.common:ram_end)
                  200253c4    00000004     (.common:raw_pcbs)
                  200253c8    00000004     (.common:recv_data)
                  200253cc    00000004     (.common:seqno)
                  200253d0    00000004     (.common:tcp_active_pcbs)
                  200253d4    00000004     (.common:tcp_bound_pcbs)
                  200253d8    00000004     (.common:tcp_input_pcb)
                  200253dc    00000004     (.common:tcp_listen_pcbs)
                  200253e0    00000004     (.common:tcp_ticks)
                  200253e4    00000004     (.common:tcp_tmp_pcb)
                  200253e8    00000004     (.common:tcp_tw_pcbs)
                  200253ec    00000004     (.common:tcphdr)
                  200253f0    00000004     (.common:tcpip_init_done)
                  200253f4    00000004     (.common:tcpip_init_done_arg)
                  200253f8    00000004     (.common:tcpip_tcp_timer_active)
                  200253fc    00000004     (.common:udp_pcbs)
                  20025400    00000002     (.common:ip_id)
                  20025402    00000002     (.common:tcplen)
                  20025404    00000001     (.common:dns_seqno)
                  20025405    00000001     (.common:etharp_cached_entry)
                  20025406    00000001     (.common:flags)
                  20025407    00000001     (.common:g_bDisableEcho)
                  20025408    00000001     (.common:g_bOnline)
                  20025409    00000001     (.common:netif_num)
                  2002540a    00000001     (.common:pbuf_free_ooseq_pending)
                  2002540b    00000001     (.common:recv_flags)
                  2002540c    00000001     (.common:tcp_active_pcbs_changed)
                  2002540d    00000001     (.common:tcp_timer)
                  2002540e    00000001     (.common:tcp_timer_ctr)

.stack     0    20025410    00004000     UNINITIALIZED
                  20025410    00004000     --HOLE--

.data      0    20029410    000003a8     UNINITIALIZED
                  20029410    00000100     exosite_hal_lwip.obj (.data:g_pcRequest)
                  20029510    000000b0     rtsv7M4_T_le_v4SPD16_eabi.lib : signal.obj (.data:sigtable)
                  200295c0    00000078     command_task.obj (.data:g_psCmdTable)
                  20029638    00000068     rtsv7M4_T_le_v4SPD16_eabi.lib : xfvalues.obj (.data)
                  200296a0    00000040     lwiplib.obj (.data)
                  200296e0    0000003e     http.obj (.data)
                  2002971e    00000002     --HOLE--
                  20029720    00000038     tasks.obj (.data)
                  20029758    00000015     uartstdio.obj (.data)
                  2002976d    00000003     buttons.obj (.data)
                  20029770    0000000c     exosite_hal_lwip.obj (.data)
                  2002977c    00000008     exosite.obj (.data)
                  20029784    00000008     heap_1.obj (.data)
                  2002978c    00000008     rtsv7M4_T_le_v4SPD16_eabi.lib : _lock.obj (.data)
                  20029794    00000008                                   : exit.obj (.data)
                  2002979c    00000008                                   : feraiseexcept.obj (.data)
                  200297a4    00000008     timers.obj (.data)
                  200297ac    00000004     port.obj (.data)
                  200297b0    00000004     rtsv7M4_T_le_v4SPD16_eabi.lib : errno.obj (.data)
                  200297b4    00000004                                   : stkdepth_vars.obj (.data)


LINKER GENERATED COPY TABLES

__TI_cinit_table @ 00012310 records: 2, size/record: 8, table size: 16
	.data: load addr=000121d0, load size=0000012c bytes, run addr=20029410, run size=000003a8 bytes, compression=rle
	.bss: load addr=00012308, load size=00000008 bytes, run addr=20000000, run size=0002540f bytes, compression=zero_init


LINKER GENERATED HANDLER TABLE

__TI_handler_table @ 000122fc records: 3, size/record: 4, table size: 12
	index: 0, handler: __TI_decompress_rle24
	index: 1, handler: __TI_decompress_none
	index: 2, handler: __TI_zero_init


GLOBAL SYMBOLS: SORTED ALPHABETICALLY BY Name 

address    name
--------   ----
0001086d   BMP180AppCallback
000081e5   BMP180AppErrorHandler
00009fed   BMP180DataEncodeJSON
00003c55   BMP180DataPressureGetFloat
00009d29   BMP180DataPrint
0000dd69   BMP180DataRead
0000b92d   BMP180DataTemperatureGetFloat
0000ddc1   BMP180Init
0000aef9   BMP180TaskInit
0000e87d   ButtonsInit
0000bd2d   ButtonsPoll
0000f4b9   C$$EXIT
00011997   CPUcpsid
000119a3   CPUcpsie
00008c2d   CloudBoardDataDecodeExositeHTTP
0000ed89   CloudBoardDataEncodeExositeHTTP
00004c91   CloudProvisionExosite
0000e07d   CloudProxySet
00005919   CloudStartExosite
00003875   CloudSyncExosite
000041f1   CloudTaskInit
00006875   CloudTaskStatsEncodeJSON
0000787d   CloudTaskStatsPrint
0000d8c1   CloudTaskStatsUpdate
0000fc15   CloudTimerCallback
0000d445   CmdLineProcess
0000f7dd   Cmd_activate
00010221   Cmd_clear
0000fc51   Cmd_connect
0000b9ad   Cmd_help
000043c5   Cmd_proxy
0000c269   Cmd_stats
0000fc8d   Cmd_sync
0000cb89   CommandTaskInit
00011919   CompDCMAccelUpdate
00010899   CompDCMAppCallback
000082c5   CompDCMAppErrorHandler
0000f651   CompDCMComputeEulers
0000458d   CompDCMComputeQuaternion
00004fd9   CompDCMDataEncodeJSON
000064e5   CompDCMDataPrint
00011927   CompDCMGyroUpdate
0000f2dd   CompDCMInit
00011935   CompDCMMagnetoUpdate
00009ddd   CompDCMStart
00007f2d   CompDCMTaskInit
000024c9   CompDCMUpdate
0000cf99   ConfigureUART
0000f81d   EEPROMInit
000094f1   EEPROMProgram
00010289   EEPROMRead
00011179   EMACAddrGet
000102bd   EMACConfigGet
000102f1   EMACConfigSet
00011859   EMACFrameFilterSet
00010325   EMACIntClear
0000fe31   EMACIntEnable
000108c5   EMACIntStatus
0000de19   EMACPHYConfigSet
00010d47   EMACPHYRead
00010d6d   EMACPHYWrite
000115ad   EMACReset
00011adb   EMACRxDMADescriptorListSet
000115c3   EMACRxEnable
00011ae1   EMACTimestampIntStatus
00011ae7   EMACTxDMADescriptorListSet
00011aa3   EMACTxDMAPollDemand
000115d9   EMACTxEnable
000111ed   EthClientAddrGet
0000f321   EthClientDHCPConnect
0000e0d1   EthClientDNSResolve
00011869   EthClientHostSet
0000b591   EthClientInit
000113b5   EthClientMACAddrGet
00011879   EthClientProxySet
0000cffd   EthClientSend
0000c4ad   EthClientTCPConnect
000108f1   EthClientTCPDisconnect
00004e3d   Exosite_Activate
0000e125   Exosite_GetCIK
0000c51d   Exosite_Init
00007279   Exosite_Read
00010c31   Exosite_SetCIK
00009299   Exosite_Write
000116b5   FlashUserGet
00010bb1   GPIODirModeSet
00011aed   GPIOIntClear
000119af   GPIOIntEnable
00011943   GPIOIntStatus
00006615   GPIOPadConfigSet
00011791   GPIOPinTypeEthernetLED
000117a3   GPIOPinTypeI2CSCL
00011af3   GPIOPinWrite
000089b1   HTTPMessageTypeSet
0000a99d   HTTPResponseParse
0000b615   I2CMCommand
00010359   I2CMInit
00007d49   I2CMIntHandler
0000c2dd   I2CMReadModifyWrite16LE
0000c58d   I2CMReadModifyWrite8
0001065f   I2CMTransferResume
0000de71   I2CMWrite8
00011b3b   I2CMasterControl
00011b3f   I2CMasterDataGet
00011b43   I2CMasterDataPut
00011a71   I2CMasterEnable
0000ee19   I2CMasterInitExpClk
00011aab   I2CMasterIntClear
00011ab3   I2CMasterIntEnableEx
00011abb   I2CMasterSlaveAddrSet
000095b5   ISL29023AppAdjustRange
0001091d   ISL29023AppCallback
000083a5   ISL29023AppErrorHandler
0000ac09   ISL29023DataEncodeJSON
0000ee61   ISL29023DataLightVisibleGetFloat
000119bb   ISL29023DataLightVisibleGetRaw
0000c899   ISL29023DataPrint
0000e511   ISL29023DataRead
0000e179   ISL29023Init
0000e561   ISL29023Read
0000e8c9   ISL29023ReadModifyWrite
0000737d   ISL29023TaskInit
0000cbf1   ISL29023Write
00009679   InitDMADescriptors
0000d505   IntDisable
0000d565   IntEnable
0000fcc9   IntHandlerGPIOPortE
0000f8dd   IntHandlerGPIOPortH
0000f91d   IntHandlerGPIOPortM
0000d061   IntIsEnabled
00011a7b   IntMasterDisable
00011a85   IntMasterEnable
00010e2d   IntPrioritySet
000119c9   IntTrigger
0000c905   LEDWrite
0001038d   LocatorAppTitleSet
0000e5b1   LocatorInit
00011039   LocatorMACAddrSet
0000c011   MPU9150DataAccelGetFloat
0000c089   MPU9150DataGyroGetFloat
0000a48d   MPU9150DataMagnetoGetFloat
0000d5c5   MPU9150DataRead
0000c971   MPU9150Init
0000a71d   MPU9150Write
00003059   PinoutSet
0000096d   PrintConnectionHelp
00011af9   ResetISR
000115ef   RingBufFlush
000117b5   RingBufFree
000119d5   RingBufInit
00011295   RingBufRead
00011605   RingBufReadOne
0001161b   RingBufUsed
000112af   RingBufWrite
00011889   RingBufWriteOne
UNDEFED    SHT$$INIT_ARRAY$$Base
UNDEFED    SHT$$INIT_ARRAY$$Limit
00010949   SHT21AppCallback
00008645   SHT21AppErrorHandler
0000b371   SHT21DataEncodeJSON
0000b3f9   SHT21DataHumidityGetFloat
000119e1   SHT21DataHumidityGetRaw
0000b481   SHT21DataPrint
0000e915   SHT21DataRead
0000cc59   SHT21DataTemperatureGetFloat
000119ed   SHT21DataTemperatureGetRaw
0000e601   SHT21Init
0000801d   SHT21MeasureHumidity
00008101   SHT21MeasureTemperature
0000af89   SHT21TaskInit
0000e961   SHT21Write
000119f9   SensHubI2CIntHandler
0000d0c5   SensorCloudStatTimerConfig
0000fdf5   SetupServices
0000d91d   SwitchTimerCallback
00003679   SysCtlClockFreqSet
00011aff   SysCtlDelay
000103c1   SysCtlPeripheralEnable
000103f5   SysCtlPeripheralReady
0000e651   SysCtlPeripheralReset
0000c101   TCPConnected
000113fd   TCPError
0000f99d   TCPReceived
00011415   TCPSent
00010975   TMP006AppCallback
00008a85   TMP006AppErrorHandler
0000ba2d   TMP006DataEncodeJSON
0000b509   TMP006DataPrint
0000e1cd   TMP006DataRead
00003475   TMP006DataTemperatureGetFloat
0001142d   TMP006DataTemperatureGetRaw
0000d9d5   TMP006Init
0000d625   TMP006ReadModifyWrite
00007481   TMP006TaskInit
00010c59   Timer0IntHandler
0001195f   TimerEnable
00011b05   UARTClockSourceSet
000109a1   UARTFlushRx
0000fd05   UARTFlushTx
0000f3a9   UARTPeek
00009e8d   UARTStdioConfig
00005c0d   UARTStdioIntHandler
0000e221   UARTgets
000112c9   UARTprintf
00003a69   UARTvprintf
0000a145   UARTwrite
000105c9   VectorAdd
0000df79   VectorCrossProduct
00010d93   VectorDotProduct
00010db9   VectorScale
200297b0   _Errno
0000a295   _FAtan
00011989   _FDclass
20029638   _FDenorm
0000b0a9   _FDint
0000bf97   _FDnorm
000098bd   _FDscale
000104c5   _FDtest
0000e31d   _FDunscale
20029648   _FEps
00005615   _FExp
20029658   _FInf
00005a95   _FLog
20029668   _FNan
20029688   _FRteps
20029678   _FSnan
20029698   _FXbig
2002969c   _FZero
2002979c   _Fenv
00010781   _Feraise
200297a0   _Tls_setup__Fenv
20029410   __STACK_END
00004000   __STACK_SIZE
20029410   __STACK_TOP
00012310   __TI_CINIT_Base
00012320   __TI_CINIT_Limit
000122fc   __TI_Handler_Table_Base
00012308   __TI_Handler_Table_Limit
00000001   __TI_args_main
0000add1   __TI_auto_init
20029794   __TI_cleanup_ptr
0001196d   __TI_decompress_none
00011b0b   __TI_decompress_rle24
20029798   __TI_dtors_ptr
00000000   __TI_static_base__
000117c7   __TI_zero_init
0000ed3d   __aeabi_d2f
00004ae3   __aeabi_dadd
0000627b   __aeabi_ddiv
00007781   __aeabi_dmul
00004ad9   __aeabi_dsub
00010065   __aeabi_f2d
0000bf1d   __aeabi_memclr
0000bf1d   __aeabi_memclr4
0000bf1d   __aeabi_memclr8
0000aa39   __aeabi_memcpy
0000aa39   __aeabi_memcpy4
0000aa39   __aeabi_memcpy8
0000bf1f   __aeabi_memset
0000bf1f   __aeabi_memset4
0000bf1f   __aeabi_memset8
0000f717   __aeabi_uidiv
0000f717   __aeabi_uidivmod
ffffffff   __binit__
ffffffff   __c_args__
20025410   __stack
00011505   _args_main
0000f011   _c_int00
2002978c   _lock
0001173b   _nop
00011733   _register_lock
0001172d   _register_unlock
20029790   _unlock
0000f4bd   abort
00009f3d   asinf
000088d9   atan2f
0000b8a9   autoip_arp_reply
000112e3   autoip_network_changed
0000dc59   autoip_start
000118a9   autoip_stop
00008cfd   autoip_tmr
ffffffff   binit
0001017d   connect_to_exosite
0000f475   copy_in
200252e8   current_header
200252ec   current_iphdr_dest
200252f0   current_iphdr_src
200252f4   current_netif
000112fd   dhcp_arp_reply
0000fd7d   dhcp_coarse_tmr
0000fedd   dhcp_fine_tmr
0000f693   dhcp_network_changed
0000a531   dhcp_release
0000bb2d   dhcp_renew
200252b8   dhcp_rx_options_given
20025120   dhcp_rx_options_val
0000a1ed   dhcp_start
0000ff4d   dhcp_stop
0000dec9   dns_gethostbyname
0000d129   dns_init
00010e51   dns_setserver
000118c9   dns_tmr
00010c81   etharp_cleanup_netif
00006ac9   etharp_output
00006e31   etharp_query
00008721   etharp_raw
00010a25   etharp_request
0000fa1d   etharp_tmr
00012008   ethbroadcast
0000a5d5   ethernet_input
0001200e   ethzero
0000f4c5   exit
000111d1   exoHAL_EnableMeta
00004c8f   exoHAL_EraseMeta
00006005   exoHAL_ExositeEnetEvents
0000cd29   exoHAL_ExositeInit
00010ca9   exoHAL_ExositeProxySet
00010a51   exoHAL_ReadMetaItem
0000dd0d   exoHAL_ReadUUID
0000da31   exoHAL_ResetConnection
00010cd1   exoHAL_ServerConnect
00011a11   exoHAL_SocketClose
0000973d   exoHAL_SocketOpenTCP
0000c3c5   exoHAL_SocketRecv
0000e9f9   exoHAL_SocketSend
00010a7d   exoHAL_WriteMetaItem
0000ffbd   exosite_meta_defaults
000101b5   exosite_meta_init
0000ef39   exosite_meta_read
0000fb99   exosite_meta_write
20024f08   exosite_provision_info
00010491   feraiseexcept
200296b4   g_RxDescList
200296a4   g_TxDescList
20025408   g_bOnline
20029770   g_bUseProxy
000120d0   g_fBetaLookup
000120b0   g_fRangeLookup
000120c0   g_fResolutionLookup
00012130   g_fThresholdHigh
00012140   g_fThresholdLow
200246b8   g_pRxDescriptors
200247d8   g_pTxDescriptors
20025000   g_pcExositeCIK
20024c58   g_pcProxy
20025034   g_pcProxyAddress
20029410   g_pcRequest
20025304   g_pfnTimerHandler
00000000   g_pfnVectors
200295c0   g_psCmdTable
20022188   g_pui8SendBuff
20025308   g_pvCloudTimerID
2002530c   g_pvSwitchesTimerID
200251b0   g_sBMP180Data
20024f4c   g_sBMP180Inst
200252c4   g_sCloudBoardData
20025194   g_sCloudData
20024ec0   g_sCompDCMData
20024dc4   g_sCompDCMInst
20024f90   g_sEnet
20025278   g_sEnetBuffer
200251c4   g_sExosite
20024594   g_sI2CInst
200251d8   g_sISL29023Data
200250c8   g_sISL29023Inst
20024d58   g_sMPU9150Inst
20025288   g_sSHT21Data
200250f4   g_sSHT21Inst
[...]
0000e371   sys_timeouts_init
0000d7a5   sys_timeouts_mbox_fetch
0000f0a1   sys_untimeout
0000b139   tcp_abandon
00011b17   tcp_abort
200253d0   tcp_active_pcbs
2002540c   tcp_active_pcbs_changed
00008b59   tcp_alloc
00011e60   tcp_backoff
200253d4   tcp_bound_pcbs
00011755   tcp_close
00007975   tcp_connect
000110d9   tcp_eff_send_mss
0000a33d   tcp_enqueue_flags
00011b1d   tcp_err
0000c66d   tcp_fasttmr
00001571   tcp_input
200253d8   tcp_input_pcb
0000f4fd   tcp_keepalive
200253dc   tcp_listen_pcbs
00011b23   tcp_new
00011535   tcp_next_iss
0000516d   tcp_output
00011ff0   tcp_pcb_lists
0000f79b   tcp_pcb_purge
0000dae9   tcp_pcb_remove
00011e6d   tcp_persist_backoff
0000cec9   tcp_process_refused_data
00011b29   tcp_recv
000110f9   tcp_recv_null
0001062d   tcp_recved
0000e3c5   tcp_rexmit
0000f131   tcp_rexmit_fast
00010b2d   tcp_rexmit_rto
0000bea1   tcp_rst
00010f29   tcp_seg_copy
0001154d   tcp_seg_free
00011833   tcp_segs_free
0000f297   tcp_send_empty_ack
0000f541   tcp_send_fin
00011b4f   tcp_sent
0000220d   tcp_slowtmr
200253e0   tcp_ticks
0001052d   tcp_timer_needed
200253e4   tcp_tmp_pcb
00011119   tcp_tmr
200253e8   tcp_tw_pcbs
000107b1   tcp_update_rcv_ann_wnd
00001f31   tcp_write
0000b2e5   tcp_zero_window_probe
0000db45   tcpip_callback_with_block
0000f179   tcpip_init
0000ebc1   tcpip_input
00010561   tivaif_init
0000ec0d   tivaif_interrupt
0000b825   tivaif_process_phy_interrupt
0000d2b9   udp_bind
0000f1c1   udp_connect
00004755   udp_input
0001125d   udp_new
200253fc   udp_pcbs
00011b2f   udp_recv
00010b59   udp_remove
0001010d   udp_sendto
000091cd   udp_sendto_if
0000a8fd   uftostr
00011399   usnprintf
00011139   usprintf
00011ad3   ustrcmp
00011845   ustrlen
000107e1   ustrncmp
00010fb3   ustrncpy
0001083f   ustrstr
0000ad39   ustrtoul
000029c5   uvsnprintf
00010fd5   uxListRemove
0000aad5   uxTaskGetSystemState
00007277   vApplicationStackOverflowHook
0001169f   vListInitialise
00011b35   vListInitialiseItem
00010145   vListInsert
00011565   vListInsertEnd
0000a441   vPortClearInterruptMask
0000a479   vPortEnableVFP
00011769   vPortEnterCritical
0001177d   vPortExitCritical
00007e3b   vPortFree
0000a44b   vPortSVCHandler
0000a437   vPortSetInterruptMask
0000a465   vPortStartFirstTask
000118e9   vPortYield
000118f9   vPortYieldFromISR
0000fdb9   vQueueWaitForMessageRestricted
00010595   vTaskDelay
0000dba1   vTaskDelayUntil
0000d31d   vTaskDelete
00011a59   vTaskMissedYield
0000f5c9   vTaskPlaceOnEventList
00010b85   vTaskPlaceOnEventListRestricted
0000f209   vTaskPriorityDisinherit
0000ca49   vTaskPriorityInherit
0001157d   vTaskSetTimeOutState
0000dbfd   vTaskStartScheduler
0000cf31   vTaskSuspend
00011909   vTaskSuspendAll
00009361   vTaskSwitchContext
0000a3e9   xPortPendSVHandler
0000fa9d   xPortStartScheduler
00011279   xPortSysTickHandler
0000eca5   xQueueCreateMutex
0000ecf1   xQueueGenericCreate
00007681   xQueueGenericReceive
0000c6dd   xQueueGenericReset
00009429   xQueueGenericSend
0000e025   xQueueGenericSendFromISR
0000e419   xTaskCheckForTimeOut
000087fd   xTaskGenericCreate
00011a65   xTaskGetCurrentTaskHandle
00011159   xTaskGetSchedulerState
00011595   xTaskGetTickCount
00007059   xTaskIncrementTick
0000c74d   xTaskRemoveFromEventList
00008dcd   xTaskResumeAll
0000fe6b   xTimerCreate
0000f60d   xTimerCreateTimerTask
0000fadd   xTimerGenericCommand


GLOBAL SYMBOLS: SORTED BY Symbol Address 

address    name
--------   ----
00000000   __TI_static_base__
00000000   g_pfnVectors
00000001   __TI_args_main
0000096d   PrintConnectionHelp
00000dd1   powf
00001571   tcp_input
00001c41   main
00001f31   tcp_write
0000220d   tcp_slowtmr
000024c9   CompDCMUpdate
000029c5   uvsnprintf
00002c0d   sendLine
00003059   PinoutSet
00003475   TMP006DataTemperatureGetFloat
00003679   SysCtlClockFreqSet
00003875   CloudSyncExosite
00003a69   UARTvprintf
00003c55   BMP180DataPressureGetFloat
00004000   __STACK_SIZE
00004019   ip_input
000041f1   CloudTaskInit
000043c5   Cmd_proxy
0000458d   CompDCMComputeQuaternion
00004755   udp_input
00004ad9   __aeabi_dsub
00004ae3   __aeabi_dadd
00004c8f   exoHAL_EraseMeta
00004c91   CloudProvisionExosite
00004e3d   Exosite_Activate
00004fd9   CompDCMDataEncodeJSON
0000516d   tcp_output
00005489   icmp_input
00005615   _FExp
00005919   CloudStartExosite
00005a95   _FLog
00005c0d   UARTStdioIntHandler
00006005   exoHAL_ExositeEnetEvents
00006141   pbuf_alloc
0000627b   __aeabi_ddiv
000064e5   CompDCMDataPrint
00006615   GPIOPadConfigSet
00006875   CloudTaskStatsEncodeJSON
00006ac9   etharp_output
00006bf1   mem_malloc
00006d11   mem_trim
00006e31   etharp_query
00007059   xTaskIncrementTick
0000716d   ipaddr_aton
00007277   vApplicationStackOverflowHook
00007279   Exosite_Read
0000737d   ISL29023TaskInit
00007481   TMP006TaskInit
00007581   lwIPHostTimerHandler
00007681   xQueueGenericReceive
00007781   __aeabi_dmul
0000787d   CloudTaskStatsPrint
00007975   tcp_connect
00007a6d   lwIPInit
00007d49   I2CMIntHandler
00007e3b   vPortFree
00007f2d   CompDCMTaskInit
0000801d   SHT21MeasureHumidity
00008101   SHT21MeasureTemperature
000081e5   BMP180AppErrorHandler
000082c5   CompDCMAppErrorHandler
000083a5   ISL29023AppErrorHandler
00008645   SHT21AppErrorHandler
00008721   etharp_raw
000087fd   xTaskGenericCreate
000088d9   atan2f
000089b1   HTTPMessageTypeSet
00008a85   TMP006AppErrorHandler
00008b59   tcp_alloc
00008c2d   CloudBoardDataDecodeExositeHTTP
00008cfd   autoip_tmr
00008dcd   xTaskResumeAll
000091cd   udp_sendto_if
00009299   Exosite_Write
00009361   vTaskSwitchContext
00009429   xQueueGenericSend
000094f1   EEPROMProgram
000095b5   ISL29023AppAdjustRange
00009679   InitDMADescriptors
0000973d   exoHAL_SocketOpenTCP
000097fd   info_assemble
000098bd   _FDscale
00009d29   BMP180DataPrint
00009ddd   CompDCMStart
00009e8d   UARTStdioConfig
00009f3d   asinf
00009fed   BMP180DataEncodeJSON
0000a145   UARTwrite
0000a1ed   dhcp_start
0000a295   _FAtan
0000a33d   tcp_enqueue_flags
0000a3e9   xPortPendSVHandler
0000a437   vPortSetInterruptMask
0000a441   vPortClearInterruptMask
0000a44b   vPortSVCHandler
0000a465   vPortStartFirstTask
0000a479   vPortEnableVFP
0000a48d   MPU9150DataMagnetoGetFloat
0000a531   dhcp_release
0000a5d5   ethernet_input
0000a679   ip_output_if
0000a71d   MPU9150Write
0000a8fd   uftostr
0000a99d   HTTPResponseParse
0000aa39   __aeabi_memcpy
0000aa39   __aeabi_memcpy4
0000aa39   __aeabi_memcpy8
0000aa39   memcpy
0000aad5   uxTaskGetSystemState
0000ac09   ISL29023DataEncodeJSON
0000ad39   ustrtoul
0000add1   __TI_auto_init
0000ae65   pbuf_copy
0000aef9   BMP180TaskInit
0000af89   SHT21TaskInit
0000b0a9   _FDint
0000b139   tcp_abandon
0000b2e5   tcp_zero_window_probe
0000b371   SHT21DataEncodeJSON
0000b3f9   SHT21DataHumidityGetFloat
0000b481   SHT21DataPrint
0000b509   TMP006DataPrint
0000b591   EthClientInit
0000b615   I2CMCommand
0000b825   tivaif_process_phy_interrupt
0000b8a9   autoip_arp_reply
0000b92d   BMP180DataTemperatureGetFloat
0000b9ad   Cmd_help
0000ba2d   TMP006DataEncodeJSON
0000bb2d   dhcp_renew
0000bbad   sys_sem_new
0000bc2d   sys_thread_new
0000bd2d   ButtonsPoll
0000be25   mem_free
0000bea1   tcp_rst
0000bf1d   __aeabi_memclr
0000bf1d   __aeabi_memclr4
0000bf1d   __aeabi_memclr8
0000bf1f   __aeabi_memset
0000bf1f   __aeabi_memset4
0000bf1f   __aeabi_memset8
0000bf25   memset
0000bf97   _FDnorm
0000c011   MPU9150DataAccelGetFloat
0000c089   MPU9150DataGyroGetFloat
0000c101   TCPConnected
0000c179   lwIPEthernetIntHandler
0000c269   Cmd_stats
0000c2dd   I2CMReadModifyWrite16LE
0000c3c5   exoHAL_SocketRecv
0000c439   raw_input
0000c4ad   EthClientTCPConnect
0000c51d   Exosite_Init
0000c58d   I2CMReadModifyWrite8
0000c5fd   sys_mbox_new
0000c66d   tcp_fasttmr
0000c6dd   xQueueGenericReset
0000c74d   xTaskRemoveFromEventList
0000c899   ISL29023DataPrint
0000c905   LEDWrite
0000c971   MPU9150Init
0000ca49   vTaskPriorityInherit
0000cab5   pbuf_copy_partial
0000cb89   CommandTaskInit
0000cbf1   ISL29023Write
0000cc59   SHT21DataTemperatureGetFloat
0000cd29   exoHAL_ExositeInit
0000cd91   memp_init
0000cdf9   netif_set_ipaddr
0000cec9   tcp_process_refused_data
0000cf31   vTaskSuspend
0000cf99   ConfigureUART
0000cffd   EthClientSend
0000d061   IntIsEnabled
0000d0c5   SensorCloudStatTimerConfig
0000d129   dns_init
0000d1f1   mem_init
0000d2b9   udp_bind
0000d31d   vTaskDelete
0000d381   pbuf_header
0000d445   CmdLineProcess
0000d505   IntDisable
0000d565   IntEnable
0000d5c5   MPU9150DataRead
0000d625   TMP006ReadModifyWrite
0000d745   sys_timeout
0000d7a5   sys_timeouts_mbox_fetch
0000d8c1   CloudTaskStatsUpdate
0000d91d   SwitchTimerCallback
0000d9d5   TMP006Init
0000da31   exoHAL_ResetConnection
0000da8d   memp_malloc
0000dae9   tcp_pcb_remove
0000db45   tcpip_callback_with_block
0000dba1   vTaskDelayUntil
0000dbfd   vTaskStartScheduler
0000dc59   autoip_start
0000dcb3   pbuf_realloc
0000dd0d   exoHAL_ReadUUID
0000dd69   BMP180DataRead
0000ddc1   BMP180Init
0000de19   EMACPHYConfigSet
0000de71   I2CMWrite8
0000dec9   dns_gethostbyname
0000df79   VectorCrossProduct
0000dfcf   inet_chksum_pbuf
0000e025   xQueueGenericSendFromISR
0000e07d   CloudProxySet
0000e0d1   EthClientDNSResolve
0000e125   Exosite_GetCIK
0000e179   ISL29023Init
0000e1cd   TMP006DataRead
0000e221   UARTgets
0000e2c9   netif_add
0000e31d   _FDunscale
0000e371   sys_timeouts_init
0000e3c5   tcp_rexmit
0000e419   xTaskCheckForTimeOut
0000e46d   pbuf_free
0000e511   ISL29023DataRead
0000e561   ISL29023Read
0000e5b1   LocatorInit
0000e601   SHT21Init
0000e651   SysCtlPeripheralReset
0000e741   pvPortMalloc
0000e87d   ButtonsInit
0000e8c9   ISL29023ReadModifyWrite
0000e915   SHT21DataRead
0000e961   SHT21Write
0000e9f9   exoHAL_SocketSend
0000ea45   ip_route
0000ebc1   tcpip_input
0000ec0d   tivaif_interrupt
0000eca5   xQueueCreateMutex
0000ecf1   xQueueGenericCreate
0000ed3d   __aeabi_d2f
0000ed89   CloudBoardDataEncodeExositeHTTP
0000ee19   I2CMasterInitExpClk
0000ee61   ISL29023DataLightVisibleGetFloat
0000ef39   exosite_meta_read
0000ef81   ip_output
0000f011   _c_int00
0000f059   sys_arch_mbox_fetch
0000f0a1   sys_untimeout
0000f131   tcp_rexmit_fast
0000f179   tcpip_init
0000f1c1   udp_connect
0000f209   vTaskPriorityDisinherit
0000f297   tcp_send_empty_ack
0000f2dd   CompDCMInit
0000f321   EthClientDHCPConnect
0000f3a9   UARTPeek
0000f475   copy_in
0000f4b9   C$$EXIT
0000f4bd   abort
0000f4c5   exit
0000f4fd   tcp_keepalive
0000f541   tcp_send_fin
0000f5c9   vTaskPlaceOnEventList
0000f60d   xTimerCreateTimerTask
0000f651   CompDCMComputeEulers
0000f693   dhcp_network_changed
0000f717   __aeabi_uidiv
0000f717   __aeabi_uidivmod
0000f759   sys_arch_sem_wait
0000f79b   tcp_pcb_purge
0000f7dd   Cmd_activate
0000f81d   EEPROMInit
0000f8dd   IntHandlerGPIOPortH
0000f91d   IntHandlerGPIOPortM
0000f99d   TCPReceived
0000fa1d   etharp_tmr
0000fa5d   signal
0000fa9d   xPortStartScheduler
0000fadd   xTimerGenericCommand
0000fb99   exosite_meta_write
0000fbd7   netif_set_link_up
0000fc15   CloudTimerCallback
0000fc51   Cmd_connect
0000fc8d   Cmd_sync
0000fcc9   IntHandlerGPIOPortE
0000fd05   UARTFlushTx
0000fd7d   dhcp_coarse_tmr
0000fdb9   vQueueWaitForMessageRestricted
0000fdf5   SetupServices
0000fe31   EMACIntEnable
0000fe6b   xTimerCreate
0000fedd   dhcp_fine_tmr
0000ff4d   dhcp_stop
0000ffbd   exosite_meta_defaults
0000fff5   memp_free
00010065   __aeabi_f2d
0001009d   sys_init
0001010d   udp_sendto
00010145   vListInsert
0001017d   connect_to_exosite
000101b5   exosite_meta_init
00010221   Cmd_clear
00010289   EEPROMRead
000102bd   EMACConfigGet
000102f1   EMACConfigSet
00010325   EMACIntClear
00010359   I2CMInit
0001038d   LocatorAppTitleSet
000103c1   SysCtlPeripheralEnable
000103f5   SysCtlPeripheralReady
00010491   feraiseexcept
000104c5   _FDtest
0001052d   tcp_timer_needed
00010561   tivaif_init
00010595   vTaskDelay
000105c9   VectorAdd
000105fb   ip4_addr_isbroadcast
0001062d   tcp_recved
0001065f   I2CMTransferResume
000106ef   get_http_status
00010751   strncpy
00010781   _Feraise
000107b1   tcp_update_rcv_ann_wnd
000107e1   ustrncmp
00010811   raise
0001083f   ustrstr
0001086d   BMP180AppCallback
00010899   CompDCMAppCallback
000108c5   EMACIntStatus
000108f1   EthClientTCPDisconnect
0001091d   ISL29023AppCallback
00010949   SHT21AppCallback
00010975   TMP006AppCallback
000109a1   UARTFlushRx
00010a25   etharp_request
00010a51   exoHAL_ReadMetaItem
00010a7d   exoHAL_WriteMetaItem
00010aa9   lwIPNetworkConfigChange
00010b01   sys_mbox_trypost
00010b2d   tcp_rexmit_rto
00010b59   udp_remove
00010b85   vTaskPlaceOnEventListRestricted
00010bb1   GPIODirModeSet
00010c31   Exosite_SetCIK
00010c59   Timer0IntHandler
00010c81   etharp_cleanup_netif
00010ca9   exoHAL_ExositeProxySet
00010cd1   exoHAL_ServerConnect
00010d47   EMACPHYRead
00010d6d   EMACPHYWrite
00010d93   VectorDotProduct
00010db9   VectorScale
00010e05   strncmp
00010e2d   IntPrioritySet
00010e51   dns_setserver
00010e99   netif_set_up
00010ebd   pbuf_cat
00010f05   sqrtf
00010f29   tcp_seg_copy
00010f6f   pxPortInitialiseStack
00010f91   memcmp
00010fb3   ustrncpy
00010fd5   uxListRemove
00011039   LocatorMACAddrSet
000110d9   tcp_eff_send_mss
000110f9   tcp_recv_null
00011119   tcp_tmr
00011139   usprintf
00011159   xTaskGetSchedulerState
00011179   EMACAddrGet
00011197   netif_set_down
000111d1   exoHAL_EnableMeta
000111ed   EthClientAddrGet
000111ed   lwIPLocalIPAddrGet
00011209   lwIPLocalMACGet
00011225   netif_set_addr
0001125d   udp_new
00011279   xPortSysTickHandler
00011295   RingBufRead
000112af   RingBufWrite
000112c9   UARTprintf
000112e3   autoip_network_changed
000112fd   dhcp_arp_reply
00011331   lwip_htonl
00011331   lwip_ntohl
00011365   strcat
0001137f   sys_mbox_post
00011399   usnprintf
000113b5   EthClientMACAddrGet
000113fd   TCPError
00011415   TCPSent
0001142d   TMP006DataTemperatureGetRaw
000114ed   lwip_init
00011505   _args_main
0001151d   strcmp
00011535   tcp_next_iss
0001154d   tcp_seg_free
00011565   vListInsertEnd
0001157d   vTaskSetTimeOutState
00011595   xTaskGetTickCount
000115ad   EMACReset
000115c3   EMACRxEnable
000115d9   EMACTxEnable
000115ef   RingBufFlush
00011605   RingBufReadOne
0001161b   RingBufUsed
00011689   pbuf_ref
0001169f   vListInitialise
000116b5   FlashUserGet
000116dd   ipaddr_addr
0001172d   _register_unlock
00011733   _register_lock
0001173b   _nop
00011741   strlen
00011755   tcp_close
00011769   vPortEnterCritical
0001177d   vPortExitCritical
00011791   GPIOPinTypeEthernetLED
000117a3   GPIOPinTypeI2CSCL
000117b5   RingBufFree
000117c7   __TI_zero_init
000117fd   netif_set_link_down
0001180f   pbuf_clen
00011833   tcp_segs_free
00011845   ustrlen
00011859   EMACFrameFilterSet
00011869   EthClientHostSet
00011879   EthClientProxySet
00011889   RingBufWriteOne
000118a9   autoip_stop
000118c9   dns_tmr
000118d9   sys_sem_signal
000118e9   vPortYield
000118f9   vPortYieldFromISR
00011909   vTaskSuspendAll
00011919   CompDCMAccelUpdate
00011927   CompDCMGyroUpdate
00011935   CompDCMMagnetoUpdate
00011943   GPIOIntStatus
0001195f   TimerEnable
0001196d   __TI_decompress_none
0001197b   pbuf_chain
00011989   _FDclass
00011997   CPUcpsid
000119a3   CPUcpsie
000119af   GPIOIntEnable
000119bb   ISL29023DataLightVisibleGetRaw
000119c9   IntTrigger
000119d5   RingBufInit
000119e1   SHT21DataHumidityGetRaw
000119ed   SHT21DataTemperatureGetRaw
000119f9   SensHubI2CIntHandler
00011a11   exoHAL_SocketClose
00011a1d   inet_chksum
00011a29   lwip_htons
00011a29   lwip_ntohs
00011a35   netif_set_default
00011a41   netif_set_gw
00011a4d   netif_set_netmask
00011a59   vTaskMissedYield
00011a65   xTaskGetCurrentTaskHandle
00011a71   I2CMasterEnable
00011a7b   IntMasterDisable
00011a85   IntMasterEnable
00011a8f   sys_arch_protect
00011a99   sys_mbox_valid
00011aa3   EMACTxDMAPollDemand
00011aab   I2CMasterIntClear
00011ab3   I2CMasterIntEnableEx
00011abb   I2CMasterSlaveAddrSet
00011ac3   icmp_dest_unreach
00011ad3   ustrcmp
00011adb   EMACRxDMADescriptorListSet
00011ae1   EMACTimestampIntStatus
00011ae7   EMACTxDMADescriptorListSet
00011aed   GPIOIntClear
00011af3   GPIOPinWrite
00011af9   ResetISR
00011aff   SysCtlDelay
00011b05   UARTClockSourceSet
00011b0b   __TI_decompress_rle24
00011b11   logf
00011b17   tcp_abort
00011b1d   tcp_err
00011b23   tcp_new
00011b29   tcp_recv
00011b2f   udp_recv
00011b35   vListInitialiseItem
00011b3b   I2CMasterControl
00011b3f   I2CMasterDataGet
00011b43   I2CMasterDataPut
00011b4b   sys_arch_unprotect
00011b4f   tcp_sent
00011e60   tcp_backoff
00011e6d   tcp_persist_backoff
00011ff0   tcp_pcb_lists
00012000   ip_addr_any
00012004   ip_addr_broadcast
00012008   ethbroadcast
0001200e   ethzero
000120b0   g_fRangeLookup
000120c0   g_fResolutionLookup
000120d0   g_fBetaLookup
00012130   g_fThresholdHigh
00012140   g_fThresholdLow
000122fc   __TI_Handler_Table_Base
00012308   __TI_Handler_Table_Limit
00012310   __TI_CINIT_Base
00012320   __TI_CINIT_Limit
2001a174   ram_heap
20022188   g_pui8SendBuff
200239e8   g_ui8Data
20023de8   g_sTaskStatistics
20024594   g_sI2CInst
200246b8   g_pRxDescriptors
200247d8   g_pTxDescriptors
200248f8   lwip_stats
20024c58   g_pcProxy
20024d58   g_sMPU9150Inst
20024dc4   g_sCompDCMInst
20024ec0   g_sCompDCMData
20024f08   exosite_provision_info
20024f4c   g_sBMP180Inst
20024f90   g_sEnet
20025000   g_pcExositeCIK
20025034   g_pcProxyAddress
20025068   g_sTMP006Inst
200250c8   g_sISL29023Inst
200250f4   g_sSHT21Inst
20025120   dhcp_rx_options_val
20025194   g_sCloudData
200251b0   g_sBMP180Data
200251c4   g_sExosite
200251d8   g_sISL29023Data
20025278   g_sEnetBuffer
20025288   g_sSHT21Data
20025298   g_sTMP006Data
200252b8   dhcp_rx_options_given
200252c4   g_sCloudBoardData
200252e8   current_header
200252ec   current_iphdr_dest
200252f0   current_iphdr_src
200252f4   current_netif
20025304   g_pfnTimerHandler
20025308   g_pvCloudTimerID
2002530c   g_pvSwitchesTimerID
20025310   g_ui32AbnormalInts
20025320   g_ui32NormalInts
20025328   g_ui32SysClock
2002532c   g_vui8BMP180I2CErrorStatus
20025330   g_vui8CompDCMI2CErrorStatus
20025334   g_vui8ISL29023I2CErrorStatus
20025338   g_vui8SHT21I2CErrorStatus
2002533c   g_vui8TMP006I2CErrorStatus
20025340   g_vulRunTimeStatsCountValue
20025344   g_xBMP180Handle
20025348   g_xBMP180TransactionCompleteSemaphore
2002534c   g_xCloudDataSemaphore
20025350   g_xCloudTaskHandle
20025354   g_xCloudTaskRequestQueue
20025358   g_xCloudTimerHandle
2002535c   g_xCommandHandle
20025360   g_xCompDCMDataReadySemaphore
20025364   g_xCompDCMHandle
20025368   g_xCompDCMTransactionCompleteSemaphore
2002536c   g_xI2CSemaphore
20025370   g_xISL29023AdjustRangeSemaphore
20025374   g_xISL29023Handle
20025378   g_xISL29023TransactionCompleteSemaphore
2002537c   g_xSHT21Handle
20025380   g_xSHT21TransactionCompleteSemaphore
20025384   g_xSwitchesTimerHandle
20025388   g_xTMP006DataReadySemaphore
2002538c   g_xTMP006Handle
20025390   g_xTMP006TransactionCompleteSemaphore
20025394   g_xUARTSemaphore
200253a0   netif_default
200253a4   netif_list
200253d0   tcp_active_pcbs
200253d4   tcp_bound_pcbs
200253d8   tcp_input_pcb
200253dc   tcp_listen_pcbs
200253e0   tcp_ticks
200253e4   tcp_tmp_pcb
200253e8   tcp_tw_pcbs
200253fc   udp_pcbs
20025408   g_bOnline
2002540a   pbuf_free_ooseq_pending
2002540c   tcp_active_pcbs_changed
20025410   __stack
20029410   __STACK_END
20029410   __STACK_TOP
20029410   g_pcRequest
200295c0   g_psCmdTable
20029638   _FDenorm
20029648   _FEps
20029658   _FInf
20029668   _FNan
20029678   _FSnan
20029688   _FRteps
20029698   _FXbig
2002969c   _FZero
200296a4   g_TxDescList
200296b4   g_RxDescList
20029720   pxCurrentTCB
20029770   g_bUseProxy
20029772   g_ui16ProxyPort
20029774   g_ui8RequestSize
20029778   g_ui32EEStatus
2002978c   _lock
20029790   _unlock
20029794   __TI_cleanup_ptr
20029798   __TI_dtors_ptr
2002979c   _Fenv
200297a0   _Tls_setup__Fenv
200297b0   _Errno
200297b4   main_func_sp
ffffffff   __binit__
ffffffff   __c_args__
ffffffff   binit
UNDEFED    SHT$$INIT_ARRAY$$Base
UNDEFED    SHT$$INIT_ARRAY$$Limit

[622 symbols]
